Archive member included to satisfy reference by file (symbol)

c:/program files (x86)/gnu arm embedded toolchain/10 2021.10/bin/../lib/gcc/arm-none-eabi/10.3.1/../../../../arm-none-eabi/lib/thumb/v7e-m+fp/hard\libc_nano.a(lib_a-exit.o)
                              c:/program files (x86)/gnu arm embedded toolchain/10 2021.10/bin/../lib/gcc/arm-none-eabi/10.3.1/../../../../arm-none-eabi/lib/thumb/v7e-m+fp/hard/crt0.o (exit)
c:/program files (x86)/gnu arm embedded toolchain/10 2021.10/bin/../lib/gcc/arm-none-eabi/10.3.1/../../../../arm-none-eabi/lib/thumb/v7e-m+fp/hard\libc_nano.a(lib_a-impure.o)
                              c:/program files (x86)/gnu arm embedded toolchain/10 2021.10/bin/../lib/gcc/arm-none-eabi/10.3.1/../../../../arm-none-eabi/lib/thumb/v7e-m+fp/hard\libc_nano.a(lib_a-exit.o) (_global_impure_ptr)
c:/program files (x86)/gnu arm embedded toolchain/10 2021.10/bin/../lib/gcc/arm-none-eabi/10.3.1/../../../../arm-none-eabi/lib/thumb/v7e-m+fp/hard\libc_nano.a(lib_a-init.o)
                              c:/program files (x86)/gnu arm embedded toolchain/10 2021.10/bin/../lib/gcc/arm-none-eabi/10.3.1/../../../../arm-none-eabi/lib/thumb/v7e-m+fp/hard/crt0.o (__libc_init_array)
c:/program files (x86)/gnu arm embedded toolchain/10 2021.10/bin/../lib/gcc/arm-none-eabi/10.3.1/../../../../arm-none-eabi/lib/thumb/v7e-m+fp/hard\libc_nano.a(lib_a-memcpy-stub.o)
                              build/queue.o (memcpy)
c:/program files (x86)/gnu arm embedded toolchain/10 2021.10/bin/../lib/gcc/arm-none-eabi/10.3.1/../../../../arm-none-eabi/lib/thumb/v7e-m+fp/hard\libc_nano.a(lib_a-memset.o)
                              c:/program files (x86)/gnu arm embedded toolchain/10 2021.10/bin/../lib/gcc/arm-none-eabi/10.3.1/../../../../arm-none-eabi/lib/thumb/v7e-m+fp/hard/crt0.o (memset)
c:/program files (x86)/gnu arm embedded toolchain/10 2021.10/bin/../lib/gcc/arm-none-eabi/10.3.1/../../../../arm-none-eabi/lib/thumb/v7e-m+fp/hard\libnosys.a(_exit.o)
                              c:/program files (x86)/gnu arm embedded toolchain/10 2021.10/bin/../lib/gcc/arm-none-eabi/10.3.1/../../../../arm-none-eabi/lib/thumb/v7e-m+fp/hard\libc_nano.a(lib_a-exit.o) (_exit)
c:/program files (x86)/gnu arm embedded toolchain/10 2021.10/bin/../lib/gcc/arm-none-eabi/10.3.1/thumb/v7e-m+fp/hard\libgcc.a(_aeabi_uldivmod.o)
                              build/stm32f4xx_hal_rcc.o (__aeabi_uldivmod)
c:/program files (x86)/gnu arm embedded toolchain/10 2021.10/bin/../lib/gcc/arm-none-eabi/10.3.1/thumb/v7e-m+fp/hard\libgcc.a(_udivmoddi4.o)
                              c:/program files (x86)/gnu arm embedded toolchain/10 2021.10/bin/../lib/gcc/arm-none-eabi/10.3.1/thumb/v7e-m+fp/hard\libgcc.a(_aeabi_uldivmod.o) (__udivmoddi4)
c:/program files (x86)/gnu arm embedded toolchain/10 2021.10/bin/../lib/gcc/arm-none-eabi/10.3.1/thumb/v7e-m+fp/hard\libgcc.a(_dvmd_tls.o)
                              c:/program files (x86)/gnu arm embedded toolchain/10 2021.10/bin/../lib/gcc/arm-none-eabi/10.3.1/thumb/v7e-m+fp/hard\libgcc.a(_aeabi_uldivmod.o) (__aeabi_ldiv0)

Discarded input sections

 .text          0x00000000        0x0 c:/program files (x86)/gnu arm embedded toolchain/10 2021.10/bin/../lib/gcc/arm-none-eabi/10.3.1/thumb/v7e-m+fp/hard/crti.o
 .data          0x00000000        0x0 c:/program files (x86)/gnu arm embedded toolchain/10 2021.10/bin/../lib/gcc/arm-none-eabi/10.3.1/thumb/v7e-m+fp/hard/crti.o
 .bss           0x00000000        0x0 c:/program files (x86)/gnu arm embedded toolchain/10 2021.10/bin/../lib/gcc/arm-none-eabi/10.3.1/thumb/v7e-m+fp/hard/crti.o
 .data          0x00000000        0x4 c:/program files (x86)/gnu arm embedded toolchain/10 2021.10/bin/../lib/gcc/arm-none-eabi/10.3.1/thumb/v7e-m+fp/hard/crtbegin.o
 .rodata        0x00000000       0x24 c:/program files (x86)/gnu arm embedded toolchain/10 2021.10/bin/../lib/gcc/arm-none-eabi/10.3.1/thumb/v7e-m+fp/hard/crtbegin.o
 .text          0x00000000       0x7c c:/program files (x86)/gnu arm embedded toolchain/10 2021.10/bin/../lib/gcc/arm-none-eabi/10.3.1/../../../../arm-none-eabi/lib/thumb/v7e-m+fp/hard/crt0.o
 .data          0x00000000        0x0 c:/program files (x86)/gnu arm embedded toolchain/10 2021.10/bin/../lib/gcc/arm-none-eabi/10.3.1/../../../../arm-none-eabi/lib/thumb/v7e-m+fp/hard/crt0.o
 .bss           0x00000000        0x0 c:/program files (x86)/gnu arm embedded toolchain/10 2021.10/bin/../lib/gcc/arm-none-eabi/10.3.1/../../../../arm-none-eabi/lib/thumb/v7e-m+fp/hard/crt0.o
 .ARM.extab     0x00000000        0x0 c:/program files (x86)/gnu arm embedded toolchain/10 2021.10/bin/../lib/gcc/arm-none-eabi/10.3.1/../../../../arm-none-eabi/lib/thumb/v7e-m+fp/hard/crt0.o
 .ARM.exidx     0x00000000       0x10 c:/program files (x86)/gnu arm embedded toolchain/10 2021.10/bin/../lib/gcc/arm-none-eabi/10.3.1/../../../../arm-none-eabi/lib/thumb/v7e-m+fp/hard/crt0.o
 .ARM.attributes
[...]
Memory Configuration

Name             Origin             Length             Attributes
RAM              0x20000000         0x00020000         xrw
CCMRAM           0x10000000         0x00010000         xrw
FLASH            0x08000000         0x00100000         xr
*default*        0x00000000         0xffffffff

Linker script and memory map

LOAD c:/program files (x86)/gnu arm embedded toolchain/10 2021.10/bin/../lib/gcc/arm-none-eabi/10.3.1/thumb/v7e-m+fp/hard/crti.o
LOAD c:/program files (x86)/gnu arm embedded toolchain/10 2021.10/bin/../lib/gcc/arm-none-eabi/10.3.1/thumb/v7e-m+fp/hard/crtbegin.o
LOAD c:/program files (x86)/gnu arm embedded toolchain/10 2021.10/bin/../lib/gcc/arm-none-eabi/10.3.1/../../../../arm-none-eabi/lib/thumb/v7e-m+fp/hard/crt0.o
LOAD build/main.o
LOAD build/gpio.o
LOAD build/freertos.o
LOAD build/can.o
LOAD build/crc.o
LOAD build/rng.o
LOAD build/tim.o
LOAD build/usart.o
LOAD build/stm32f4xx_it.o
LOAD build/stm32f4xx_hal_msp.o
LOAD build/stm32f4xx_hal_timebase_tim.o
LOAD build/stm32f4xx_hal_can.o
LOAD build/stm32f4xx_hal_rcc.o
LOAD build/stm32f4xx_hal_rcc_ex.o
LOAD build/stm32f4xx_hal_flash.o
LOAD build/stm32f4xx_hal_flash_ex.o
LOAD build/stm32f4xx_hal_flash_ramfunc.o
LOAD build/stm32f4xx_hal_gpio.o
LOAD build/stm32f4xx_hal_dma_ex.o
LOAD build/stm32f4xx_hal_dma.o
LOAD build/stm32f4xx_hal_pwr.o
LOAD build/stm32f4xx_hal_pwr_ex.o
LOAD build/stm32f4xx_hal_cortex.o
LOAD build/stm32f4xx_hal.o
LOAD build/stm32f4xx_hal_exti.o
LOAD build/stm32f4xx_hal_crc.o
LOAD build/stm32f4xx_hal_rng.o
LOAD build/stm32f4xx_hal_tim.o
LOAD build/stm32f4xx_hal_tim_ex.o
LOAD build/stm32f4xx_hal_uart.o
LOAD build/system_stm32f4xx.o
LOAD build/croutine.o
LOAD build/event_groups.o
LOAD build/list.o
LOAD build/queue.o
LOAD build/stream_buffer.o
LOAD build/tasks.o
LOAD build/timers.o
LOAD build/cmsis_os2.o
LOAD build/heap_4.o
LOAD build/port.o
LOAD build/startup_stm32f407xx.o
LOAD c:/program files (x86)/gnu arm embedded toolchain/10 2021.10/bin/../lib/gcc/arm-none-eabi/10.3.1/../../../../arm-none-eabi/lib/thumb/v7e-m+fp/hard\libc_nano.a
LOAD c:/program files (x86)/gnu arm embedded toolchain/10 2021.10/bin/../lib/gcc/arm-none-eabi/10.3.1/../../../../arm-none-eabi/lib/thumb/v7e-m+fp/hard\libm.a
LOAD c:/program files (x86)/gnu arm embedded toolchain/10 2021.10/bin/../lib/gcc/arm-none-eabi/10.3.1/../../../../arm-none-eabi/lib/thumb/v7e-m+fp/hard\libnosys.a
START GROUP
LOAD c:/program files (x86)/gnu arm embedded toolchain/10 2021.10/bin/../lib/gcc/arm-none-eabi/10.3.1/thumb/v7e-m+fp/hard\libgcc.a
LOAD c:/program files (x86)/gnu arm embedded toolchain/10 2021.10/bin/../lib/gcc/arm-none-eabi/10.3.1/../../../../arm-none-eabi/lib/thumb/v7e-m+fp/hard\libc_nano.a
END GROUP
START GROUP
LOAD c:/program files (x86)/gnu arm embedded toolchain/10 2021.10/bin/../lib/gcc/arm-none-eabi/10.3.1/thumb/v7e-m+fp/hard\libgcc.a
LOAD c:/program files (x86)/gnu arm embedded toolchain/10 2021.10/bin/../lib/gcc/arm-none-eabi/10.3.1/../../../../arm-none-eabi/lib/thumb/v7e-m+fp/hard\libc_nano.a
END GROUP
LOAD c:/program files (x86)/gnu arm embedded toolchain/10 2021.10/bin/../lib/gcc/arm-none-eabi/10.3.1/thumb/v7e-m+fp/hard/crtend.o
LOAD c:/program files (x86)/gnu arm embedded toolchain/10 2021.10/bin/../lib/gcc/arm-none-eabi/10.3.1/thumb/v7e-m+fp/hard/crtn.o
                0x20020000                _estack = 0x20020000
                0x00000200                _Min_Heap_Size = 0x200
                0x00000400                _Min_Stack_Size = 0x400

.isr_vector     0x08000000      0x188
                0x08000000                . = ALIGN (0x4)
 *(.isr_vector)
 .isr_vector    0x08000000      0x188 build/startup_stm32f407xx.o
                0x08000000                g_pfnVectors
                0x08000188                . = ALIGN (0x4)

.text           0x08000190     0x36bc
                0x08000190                . = ALIGN (0x4)
 *(.text)
 .text          0x08000190       0x40 c:/program files (x86)/gnu arm embedded toolchain/10 2021.10/bin/../lib/gcc/arm-none-eabi/10.3.1/thumb/v7e-m+fp/hard/crtbegin.o
 .text          0x080001d0       0x30 c:/program files (x86)/gnu arm embedded toolchain/10 2021.10/bin/../lib/gcc/arm-none-eabi/10.3.1/thumb/v7e-m+fp/hard\libgcc.a(_aeabi_uldivmod.o)
                0x080001d0                __aeabi_uldivmod
 .text          0x08000200      0x2d0 c:/program files (x86)/gnu arm embedded toolchain/10 2021.10/bin/../lib/gcc/arm-none-eabi/10.3.1/thumb/v7e-m+fp/hard\libgcc.a(_udivmoddi4.o)
                0x08000200                __udivmoddi4
 .text          0x080004d0        0x4 c:/program files (x86)/gnu arm embedded toolchain/10 2021.10/bin/../lib/gcc/arm-none-eabi/10.3.1/thumb/v7e-m+fp/hard\libgcc.a(_dvmd_tls.o)
                0x080004d0                __aeabi_idiv0
                0x080004d0                __aeabi_ldiv0
 *(.text*)
 .text.HAL_TIM_PeriodElapsedCallback
                0x080004d4       0x18 build/main.o
                0x080004d4                HAL_TIM_PeriodElapsedCallback
 .text.Error_Handler
                0x080004ec        0x4 build/main.o
                0x080004ec                Error_Handler
 .text.SystemClock_Config
                0x080004f0       0xa4 build/main.o
                0x080004f0                SystemClock_Config
 .text.main     0x08000594       0x34 build/main.o
                0x08000594                main
 .text.MX_GPIO_Init
                0x080005c8       0x4c build/gpio.o
                0x080005c8                MX_GPIO_Init
 .text.StartDefaultTask
                0x08000614        0xa build/freertos.o
                0x08000614                StartDefaultTask
 *fill*         0x0800061e        0x2 
 .text.MX_FREERTOS_Init
                0x08000620       0x20 build/freertos.o
                0x08000620                MX_FREERTOS_Init
 .text.MX_CAN1_Init
                0x08000640       0x38 build/can.o
                0x08000640                MX_CAN1_Init
 .text.MX_CAN2_Init
                0x08000678       0x38 build/can.o
                0x08000678                MX_CAN2_Init
 .text.HAL_CAN_MspInit
                0x080006b0      0x104 build/can.o
                0x080006b0                HAL_CAN_MspInit
 .text.MX_CRC_Init
                0x080007b4       0x20 build/crc.o
                0x080007b4                MX_CRC_Init
 .text.HAL_CRC_MspInit
                0x080007d4       0x30 build/crc.o
                0x080007d4                HAL_CRC_MspInit
 .text.MX_RNG_Init
                0x08000804       0x20 build/rng.o
                0x08000804                MX_RNG_Init
 .text.HAL_RNG_MspInit
                0x08000824       0x30 build/rng.o
                0x08000824                HAL_RNG_MspInit
 .text.MX_TIM6_Init
                0x08000854       0x4c build/tim.o
                0x08000854                MX_TIM6_Init
 .text.HAL_TIM_Base_MspInit
                0x080008a0       0x30 build/tim.o
                0x080008a0                HAL_TIM_Base_MspInit
 .text.MX_USART1_UART_Init
                0x080008d0       0x34 build/usart.o
                0x080008d0                MX_USART1_UART_Init
 .text.HAL_UART_MspInit
                0x08000904       0x9c build/usart.o
                0x08000904                HAL_UART_MspInit
 .text.NMI_Handler
                0x080009a0        0x2 build/stm32f4xx_it.o
                0x080009a0                NMI_Handler
 .text.HardFault_Handler
                0x080009a2        0x2 build/stm32f4xx_it.o
                0x080009a2                HardFault_Handler
 .text.MemManage_Handler
                0x080009a4        0x2 build/stm32f4xx_it.o
                0x080009a4                MemManage_Handler
 .text.BusFault_Handler
                0x080009a6        0x2 build/stm32f4xx_it.o
                0x080009a6                BusFault_Handler
 .text.UsageFault_Handler
                0x080009a8        0x2 build/stm32f4xx_it.o
                0x080009a8                UsageFault_Handler
 .text.DebugMon_Handler
                0x080009aa        0x2 build/stm32f4xx_it.o
                0x080009aa                DebugMon_Handler
 .text.TIM8_TRG_COM_TIM14_IRQHandler
                0x080009ac       0x10 build/stm32f4xx_it.o
                0x080009ac                TIM8_TRG_COM_TIM14_IRQHandler
 .text.HAL_MspInit
                0x080009bc       0x44 build/stm32f4xx_hal_msp.o
                0x080009bc                HAL_MspInit
 .text.HAL_InitTick
                0x08000a00       0x7c build/stm32f4xx_hal_timebase_tim.o
                0x08000a00                HAL_InitTick
 .text.HAL_CAN_Init
                0x08000a7c      0x14c build/stm32f4xx_hal_can.o
                0x08000a7c                HAL_CAN_Init
 .text.HAL_RCC_OscConfig
                0x08000bc8      0x3f8 build/stm32f4xx_hal_rcc.o
                0x08000bc8                HAL_RCC_OscConfig
 .text.HAL_RCC_GetSysClockFreq
                0x08000fc0       0xa4 build/stm32f4xx_hal_rcc.o
                0x08000fc0                HAL_RCC_GetSysClockFreq
 .text.HAL_RCC_ClockConfig
                0x08001064      0x160 build/stm32f4xx_hal_rcc.o
                0x08001064                HAL_RCC_ClockConfig
 .text.HAL_RCC_GetHCLKFreq
                0x080011c4        0xc build/stm32f4xx_hal_rcc.o
                0x080011c4                HAL_RCC_GetHCLKFreq
 .text.HAL_RCC_GetPCLK1Freq
                0x080011d0       0x20 build/stm32f4xx_hal_rcc.o
                0x080011d0                HAL_RCC_GetPCLK1Freq
 .text.HAL_RCC_GetPCLK2Freq
                0x080011f0       0x20 build/stm32f4xx_hal_rcc.o
                0x080011f0                HAL_RCC_GetPCLK2Freq
 .text.HAL_RCC_GetClockConfig
                0x08001210       0x3c build/stm32f4xx_hal_rcc.o
                0x08001210                HAL_RCC_GetClockConfig
 .text.HAL_GPIO_Init
                0x0800124c      0x1e4 build/stm32f4xx_hal_gpio.o
                0x0800124c                HAL_GPIO_Init
 .text.HAL_NVIC_SetPriorityGrouping
                0x08001430       0x24 build/stm32f4xx_hal_cortex.o
                0x08001430                HAL_NVIC_SetPriorityGrouping
 .text.HAL_NVIC_SetPriority
                0x08001454       0x70 build/stm32f4xx_hal_cortex.o
                0x08001454                HAL_NVIC_SetPriority
 .text.HAL_NVIC_EnableIRQ
                0x080014c4       0x1c build/stm32f4xx_hal_cortex.o
                0x080014c4                HAL_NVIC_EnableIRQ
 .text.HAL_Init
                0x080014e0       0x34 build/stm32f4xx_hal.o
                0x080014e0                HAL_Init
 .text.HAL_IncTick
                0x08001514       0x18 build/stm32f4xx_hal.o
                0x08001514                HAL_IncTick
 .text.HAL_GetTick
                0x0800152c        0xc build/stm32f4xx_hal.o
                0x0800152c                HAL_GetTick
 .text.HAL_CRC_Init
                0x08001538       0x1e build/stm32f4xx_hal_crc.o
                0x08001538                HAL_CRC_Init
 .text.HAL_RNG_Init
                0x08001556       0x2e build/stm32f4xx_hal_rng.o
                0x08001556                HAL_RNG_Init
 .text.HAL_TIM_Base_Start_IT
                0x08001584       0x88 build/stm32f4xx_hal_tim.o
                0x08001584                HAL_TIM_Base_Start_IT
 .text.HAL_TIM_OC_DelayElapsedCallback
                0x0800160c        0x2 build/stm32f4xx_hal_tim.o
                0x0800160c                HAL_TIM_OC_DelayElapsedCallback
 .text.HAL_TIM_IC_CaptureCallback
                0x0800160e        0x2 build/stm32f4xx_hal_tim.o
                0x0800160e                HAL_TIM_IC_CaptureCallback
 .text.HAL_TIM_PWM_PulseFinishedCallback
                0x08001610        0x2 build/stm32f4xx_hal_tim.o
                0x08001610                HAL_TIM_PWM_PulseFinishedCallback
 .text.HAL_TIM_TriggerCallback
                0x08001612        0x2 build/stm32f4xx_hal_tim.o
                0x08001612                HAL_TIM_TriggerCallback
 .text.HAL_TIM_IRQHandler
                0x08001614      0x17a build/stm32f4xx_hal_tim.o
                0x08001614                HAL_TIM_IRQHandler
 *fill*         0x0800178e        0x2 
 .text.TIM_Base_SetConfig
                0x08001790       0xc8 build/stm32f4xx_hal_tim.o
                0x08001790                TIM_Base_SetConfig
 .text.HAL_TIM_Base_Init
                0x08001858       0x58 build/stm32f4xx_hal_tim.o
                0x08001858                HAL_TIM_Base_Init
 .text.HAL_TIMEx_MasterConfigSynchronization
                0x080018b0       0x8c build/stm32f4xx_hal_tim_ex.o
                0x080018b0                HAL_TIMEx_MasterConfigSynchronization
 .text.HAL_TIMEx_CommutCallback
                0x0800193c        0x2 build/stm32f4xx_hal_tim_ex.o
                0x0800193c                HAL_TIMEx_CommutCallback
 .text.HAL_TIMEx_BreakCallback
                0x0800193e        0x2 build/stm32f4xx_hal_tim_ex.o
                0x0800193e                HAL_TIMEx_BreakCallback
 .text.UART_SetConfig
                0x08001940      0x110 build/stm32f4xx_hal_uart.o
 .text.HAL_UART_Init
                0x08001a50       0x5e build/stm32f4xx_hal_uart.o
                0x08001a50                HAL_UART_Init
 *fill*         0x08001aae        0x2 
 .text.SystemInit
                0x08001ab0       0x14 build/system_stm32f4xx.o
                0x08001ab0                SystemInit
 .text.vListInitialise
                0x08001ac4       0x16 build/list.o
                0x08001ac4                vListInitialise
 .text.vListInitialiseItem
                0x08001ada        0x6 build/list.o
                0x08001ada                vListInitialiseItem
 .text.vListInsertEnd
                0x08001ae0       0x16 build/list.o
                0x08001ae0                vListInsertEnd
 .text.vListInsert
                0x08001af6       0x32 build/list.o
                0x08001af6                vListInsert
 .text.uxListRemove
                0x08001b28       0x26 build/list.o
                0x08001b28                uxListRemove
 .text.prvIsQueueFull
                0x08001b4e       0x1e build/queue.o
 .text.prvIsQueueEmpty
                0x08001b6c       0x1a build/queue.o
 .text.prvCopyDataToQueue
                0x08001b86       0x76 build/queue.o
 .text.prvCopyDataFromQueue
                0x08001bfc       0x24 build/queue.o
 .text.prvUnlockQueue
                0x08001c20       0x6e build/queue.o
 .text.xQueueGenericReset
                0x08001c8e       0x84 build/queue.o
                0x08001c8e                xQueueGenericReset
 .text.prvInitialiseNewQueue
                0x08001d12       0x22 build/queue.o
 .text.xQueueGenericCreateStatic
                0x08001d34       0x94 build/queue.o
                0x08001d34                xQueueGenericCreateStatic
 .text.xQueueGenericSend
                0x08001dc8      0x188 build/queue.o
                0x08001dc8                xQueueGenericSend
 .text.xQueueGenericSendFromISR
                0x08001f50       0xce build/queue.o
                0x08001f50                xQueueGenericSendFromISR
 .text.xQueueReceive
                0x0800201e      0x15e build/queue.o
                0x0800201e                xQueueReceive
 .text.vQueueAddToRegistry
                0x0800217c       0x28 build/queue.o
                0x0800217c                vQueueAddToRegistry
 .text.vQueueWaitForMessageRestricted
                0x080021a4       0x52 build/queue.o
                0x080021a4                vQueueWaitForMessageRestricted
 *fill*         0x080021f6        0x2 
 .text.prvResetNextTaskUnblockTime
                0x080021f8       0x2c build/tasks.o
 .text.prvInitialiseNewTask
                0x08002224       0xa6 build/tasks.o
 *fill*         0x080022ca        0x2 
 .text.prvInitialiseTaskLists
                0x080022cc       0x68 build/tasks.o
 .text.prvAddNewTaskToReadyList
                0x08002334       0xac build/tasks.o
 .text.prvDeleteTCB
                0x080023e0       0x38 build/tasks.o
 .text.prvCheckTasksWaitingTermination
                0x08002418       0x4c build/tasks.o
 .text.prvIdleTask
                0x08002464       0x28 build/tasks.o
 .text.prvAddCurrentTaskToDelayedList
                0x0800248c       0x7c build/tasks.o
 .text.xTaskCreateStatic
                0x08002508       0x76 build/tasks.o
                0x08002508                xTaskCreateStatic
 .text.xTaskCreate
                0x0800257e       0x68 build/tasks.o
                0x0800257e                xTaskCreate
 *fill*         0x080025e6        0x2 
 .text.vTaskStartScheduler
                0x080025e8       0x9c build/tasks.o
                0x080025e8                vTaskStartScheduler
 .text.vTaskSuspendAll
                0x08002684       0x10 build/tasks.o
                0x08002684                vTaskSuspendAll
 .text.xTaskGetTickCount
                0x08002694        0xc build/tasks.o
                0x08002694                xTaskGetTickCount
 .text.xTaskIncrementTick
                0x080026a0      0x118 build/tasks.o
                0x080026a0                xTaskIncrementTick
 .text.xTaskResumeAll
                0x080027b8       0xf8 build/tasks.o
                0x080027b8                xTaskResumeAll
 .text.vTaskDelay
                0x080028b0       0x4c build/tasks.o
                0x080028b0                vTaskDelay
 .text.vTaskSwitchContext
                0x080028fc       0x94 build/tasks.o
                0x080028fc                vTaskSwitchContext
 .text.vTaskPlaceOnEventList
                0x08002990       0x30 build/tasks.o
                0x08002990                vTaskPlaceOnEventList
 .text.vTaskPlaceOnEventListRestricted
                0x080029c0       0x38 build/tasks.o
                0x080029c0                vTaskPlaceOnEventListRestricted
 .text.xTaskRemoveFromEventList
                0x080029f8       0x8c build/tasks.o
                0x080029f8                xTaskRemoveFromEventList
 .text.vTaskInternalSetTimeOutState
                0x08002a84       0x18 build/tasks.o
                0x08002a84                vTaskInternalSetTimeOutState
 .text.xTaskCheckForTimeOut
                0x08002a9c       0x84 build/tasks.o
                0x08002a9c                xTaskCheckForTimeOut
 .text.vTaskMissedYield
                0x08002b20        0xc build/tasks.o
                0x08002b20                vTaskMissedYield
 .text.xTaskGetSchedulerState
                0x08002b2c       0x20 build/tasks.o
                0x08002b2c                xTaskGetSchedulerState
 .text.xTaskPriorityDisinherit
                0x08002b4c       0x90 build/tasks.o
                0x08002b4c                xTaskPriorityDisinherit
 .text.prvGetNextExpireTime
                0x08002bdc       0x20 build/timers.o
 .text.prvInsertTimerInActiveList
                0x08002bfc       0x48 build/timers.o
 .text.prvCheckForValidListAndQueue
                0x08002c44       0x70 build/timers.o
 .text.xTimerCreateTimerTask
                0x08002cb4       0x64 build/timers.o
                0x08002cb4                xTimerCreateTimerTask
 .text.xTimerGenericCommand
                0x08002d18       0x6c build/timers.o
                0x08002d18                xTimerGenericCommand
 .text.prvSwitchTimerLists
                0x08002d84       0x7c build/timers.o
 .text.prvSampleTimeNow
                0x08002e00       0x2c build/timers.o
 .text.prvProcessExpiredTimer
                0x08002e2c       0x6c build/timers.o
 .text.prvProcessTimerOrBlockTask
                0x08002e98       0x74 build/timers.o
 .text.prvProcessReceivedCommands
                0x08002f0c      0x10c build/timers.o
 .text.prvTimerTask
                0x08003018       0x16 build/timers.o
 .text.SysTick_Handler
                0x0800302e       0x18 build/cmsis_os2.o
                0x0800302e                SysTick_Handler
 *fill*         0x08003046        0x2 
 .text.osKernelInitialize
                0x08003048       0x24 build/cmsis_os2.o
                0x08003048                osKernelInitialize
 .text.osKernelStart
                0x0800306c       0x38 build/cmsis_os2.o
                0x0800306c                osKernelStart
 .text.osThreadNew
                0x080030a4       0xbc build/cmsis_os2.o
                0x080030a4                osThreadNew
 .text.osDelay  0x08003160       0x1c build/cmsis_os2.o
                0x08003160                osDelay
 .text.vApplicationGetIdleTaskMemory
                0x0800317c       0x18 build/cmsis_os2.o
                0x0800317c                vApplicationGetIdleTaskMemory
 .text.vApplicationGetTimerTaskMemory
                0x08003194       0x18 build/cmsis_os2.o
                0x08003194                vApplicationGetTimerTaskMemory
 .text.prvHeapInit
                0x080031ac       0x64 build/heap_4.o
 .text.prvInsertBlockIntoFreeList
                0x08003210       0x64 build/heap_4.o
 .text.pvPortMalloc
                0x08003274       0xfc build/heap_4.o
                0x08003274                pvPortMalloc
 .text.vPortFree
                0x08003370       0x7c build/heap_4.o
                0x08003370                vPortFree
 .text.prvTaskExitError
                0x080033ec       0x40 build/port.o
 .text.prvPortStartFirstTask
                0x0800342c       0x28 build/port.o
 .text.vPortEnableVFP
                0x08003454       0x14 build/port.o
 .text.pxPortInitialiseStack
                0x08003468       0x2c build/port.o
                0x08003468                pxPortInitialiseStack
 *fill*         0x08003494        0xc 
 .text.SVC_Handler
                0x080034a0       0x24 build/port.o
                0x080034a0                SVC_Handler
 .text.vPortEnterCritical
                0x080034c4       0x44 build/port.o
                0x080034c4                vPortEnterCritical
 .text.vPortExitCritical
                0x08003508       0x2c build/port.o
                0x08003508                vPortExitCritical
 *fill*         0x08003534        0xc 
 .text.PendSV_Handler
                0x08003540       0x64 build/port.o
                0x08003540                PendSV_Handler
 .text.xPortSysTickHandler
                0x080035a4       0x2c build/port.o
                0x080035a4                xPortSysTickHandler
 .text.vPortSetupTimerInterrupt
                0x080035d0       0x28 build/port.o
                0x080035d0                vPortSetupTimerInterrupt
 .text.xPortStartScheduler
                0x080035f8      0x118 build/port.o
                0x080035f8                xPortStartScheduler
 .text.vPortValidateInterruptPriority
                0x08003710       0x5c build/port.o
                0x08003710                vPortValidateInterruptPriority
 .text.Reset_Handler
                0x0800376c       0x50 build/startup_stm32f407xx.o
                0x0800376c                Reset_Handler
 .text.Default_Handler
                0x080037bc        0x2 build/startup_stm32f407xx.o
                0x080037bc                RTC_Alarm_IRQHandler
                0x080037bc                HASH_RNG_IRQHandler
                0x080037bc                EXTI2_IRQHandler
                0x080037bc                TIM8_CC_IRQHandler
                0x080037bc                TIM1_CC_IRQHandler
                0x080037bc                DMA2_Stream5_IRQHandler
                0x080037bc                DMA1_Stream5_IRQHandler
                0x080037bc                PVD_IRQHandler
                0x080037bc                SDIO_IRQHandler
                0x080037bc                TAMP_STAMP_IRQHandler
                0x080037bc                CAN2_RX1_IRQHandler
                0x080037bc                EXTI3_IRQHandler
                0x080037bc                TIM1_UP_TIM10_IRQHandler
                0x080037bc                TIM8_UP_TIM13_IRQHandler
                0x080037bc                I2C3_ER_IRQHandler
                0x080037bc                EXTI0_IRQHandler
                0x080037bc                I2C2_EV_IRQHandler
                0x080037bc                DMA1_Stream2_IRQHandler
                0x080037bc                CAN1_RX0_IRQHandler
                0x080037bc                FPU_IRQHandler
                0x080037bc                OTG_HS_WKUP_IRQHandler
                0x080037bc                CAN2_SCE_IRQHandler
                0x080037bc                DMA2_Stream2_IRQHandler
                0x080037bc                SPI1_IRQHandler
                0x080037bc                TIM6_DAC_IRQHandler
                0x080037bc                TIM1_BRK_TIM9_IRQHandler
                0x080037bc                DCMI_IRQHandler
                0x080037bc                CAN2_RX0_IRQHandler
                0x080037bc                DMA2_Stream3_IRQHandler
                0x080037bc                USART6_IRQHandler
                0x080037bc                USART3_IRQHandler
                0x080037bc                CAN1_RX1_IRQHandler
                0x080037bc                UART5_IRQHandler
                0x080037bc                DMA2_Stream0_IRQHandler
                0x080037bc                TIM4_IRQHandler
                0x080037bc                I2C1_EV_IRQHandler
                0x080037bc                DMA1_Stream6_IRQHandler
                0x080037bc                DMA1_Stream1_IRQHandler
                0x080037bc                UART4_IRQHandler
                0x080037bc                TIM3_IRQHandler
                0x080037bc                RCC_IRQHandler
                0x080037bc                TIM8_BRK_TIM12_IRQHandler
                0x080037bc                Default_Handler
                0x080037bc                EXTI15_10_IRQHandler
                0x080037bc                ADC_IRQHandler
                0x080037bc                DMA1_Stream7_IRQHandler
                0x080037bc                TIM7_IRQHandler
                0x080037bc                CAN2_TX_IRQHandler
                0x080037bc                TIM5_IRQHandler
                0x080037bc                DMA2_Stream7_IRQHandler
                0x080037bc                I2C3_EV_IRQHandler
                0x080037bc                EXTI9_5_IRQHandler
                0x080037bc                RTC_WKUP_IRQHandler
                0x080037bc                ETH_WKUP_IRQHandler
                0x080037bc                SPI2_IRQHandler
                0x080037bc                OTG_HS_EP1_IN_IRQHandler
                0x080037bc                DMA1_Stream0_IRQHandler
                0x080037bc                CAN1_TX_IRQHandler
                0x080037bc                EXTI4_IRQHandler
                0x080037bc                FSMC_IRQHandler
                0x080037bc                ETH_IRQHandler
                0x080037bc                OTG_HS_EP1_OUT_IRQHandler
                0x080037bc                WWDG_IRQHandler
                0x080037bc                TIM2_IRQHandler
                0x080037bc                OTG_FS_WKUP_IRQHandler
                0x080037bc                TIM1_TRG_COM_TIM11_IRQHandler
                0x080037bc                OTG_HS_IRQHandler
                0x080037bc                EXTI1_IRQHandler
                0x080037bc                USART2_IRQHandler
                0x080037bc                I2C2_ER_IRQHandler
                0x080037bc                DMA2_Stream1_IRQHandler
                0x080037bc                CAN1_SCE_IRQHandler
                0x080037bc                FLASH_IRQHandler
                0x080037bc                DMA2_Stream4_IRQHandler
                0x080037bc                USART1_IRQHandler
                0x080037bc                OTG_FS_IRQHandler
                0x080037bc                SPI3_IRQHandler
                0x080037bc                DMA1_Stream4_IRQHandler
                0x080037bc                I2C1_ER_IRQHandler
                0x080037bc                DMA2_Stream6_IRQHandler
                0x080037bc                DMA1_Stream3_IRQHandler
 *fill*         0x080037be        0x2 
 .text.__libc_init_array
                0x080037c0       0x48 c:/program files (x86)/gnu arm embedded toolchain/10 2021.10/bin/../lib/gcc/arm-none-eabi/10.3.1/../../../../arm-none-eabi/lib/thumb/v7e-m+fp/hard\libc_nano.a(lib_a-init.o)
                0x080037c0                __libc_init_array
 .text.memcpy   0x08003808       0x1c c:/program files (x86)/gnu arm embedded toolchain/10 2021.10/bin/../lib/gcc/arm-none-eabi/10.3.1/../../../../arm-none-eabi/lib/thumb/v7e-m+fp/hard\libc_nano.a(lib_a-memcpy-stub.o)
                0x08003808                memcpy
 .text.memset   0x08003824       0x10 c:/program files (x86)/gnu arm embedded toolchain/10 2021.10/bin/../lib/gcc/arm-none-eabi/10.3.1/../../../../arm-none-eabi/lib/thumb/v7e-m+fp/hard\libc_nano.a(lib_a-memset.o)
                0x08003824                memset
 *(.glue_7)
 .glue_7        0x08003834        0x0 linker stubs
 *(.glue_7t)
 .glue_7t       0x08003834        0x0 linker stubs
 *(.eh_frame)
 .eh_frame      0x08003834        0x0 c:/program files (x86)/gnu arm embedded toolchain/10 2021.10/bin/../lib/gcc/arm-none-eabi/10.3.1/thumb/v7e-m+fp/hard/crtbegin.o
 *(.init)
 .init          0x08003834        0x4 c:/program files (x86)/gnu arm embedded toolchain/10 2021.10/bin/../lib/gcc/arm-none-eabi/10.3.1/thumb/v7e-m+fp/hard/crti.o
                0x08003834                _init
 .init          0x08003838        0x8 c:/program files (x86)/gnu arm embedded toolchain/10 2021.10/bin/../lib/gcc/arm-none-eabi/10.3.1/thumb/v7e-m+fp/hard/crtn.o
 *(.fini)
 .fini          0x08003840        0x4 c:/program files (x86)/gnu arm embedded toolchain/10 2021.10/bin/../lib/gcc/arm-none-eabi/10.3.1/thumb/v7e-m+fp/hard/crti.o
                0x08003840                _fini
 .fini          0x08003844        0x8 c:/program files (x86)/gnu arm embedded toolchain/10 2021.10/bin/../lib/gcc/arm-none-eabi/10.3.1/thumb/v7e-m+fp/hard/crtn.o
                0x0800384c                . = ALIGN (0x4)
                0x0800384c                _etext = .

.vfp11_veneer   0x0800384c        0x0
 .vfp11_veneer  0x0800384c        0x0 linker stubs

.v4_bx          0x0800384c        0x0
 .v4_bx         0x0800384c        0x0 linker stubs

.iplt           0x0800384c        0x0
 .iplt          0x0800384c        0x0 c:/program files (x86)/gnu arm embedded toolchain/10 2021.10/bin/../lib/gcc/arm-none-eabi/10.3.1/thumb/v7e-m+fp/hard/crtbegin.o

.rodata         0x0800384c       0x60
                0x0800384c                . = ALIGN (0x4)
 *(.rodata)
 *(.rodata*)
 .rodata.str1.4
                0x0800384c        0xc build/freertos.o
 .rodata.defaultTask_attributes
                0x08003858       0x24 build/freertos.o
                0x08003858                defaultTask_attributes
 .rodata.AHBPrescTable
                0x0800387c       0x10 build/system_stm32f4xx.o
                0x0800387c                AHBPrescTable
 .rodata.APBPrescTable
                0x0800388c        0x8 build/system_stm32f4xx.o
                0x0800388c                APBPrescTable
 .rodata.vTaskStartScheduler.str1.4
                0x08003894        0x5 build/tasks.o
 *fill*         0x08003899        0x3 
 .rodata.prvCheckForValidListAndQueue.str1.4
                0x0800389c        0x5 build/timers.o
 *fill*         0x080038a1        0x3 
 .rodata.xTimerCreateTimerTask.str1.4
                0x080038a4        0x8 build/timers.o
                0x080038ac                . = ALIGN (0x4)

.ARM.extab
 *(.ARM.extab* .gnu.linkonce.armextab.*)

.ARM            0x080038ac        0x8
                0x080038ac                __exidx_start = .
 *(.ARM.exidx*)
 .ARM.exidx     0x080038ac        0x8 c:/program files (x86)/gnu arm embedded toolchain/10 2021.10/bin/../lib/gcc/arm-none-eabi/10.3.1/thumb/v7e-m+fp/hard\libgcc.a(_udivmoddi4.o)
                0x080038b4                __exidx_end = .

.rel.dyn        0x080038b4        0x0
 .rel.iplt      0x080038b4        0x0 c:/program files (x86)/gnu arm embedded toolchain/10 2021.10/bin/../lib/gcc/arm-none-eabi/10.3.1/thumb/v7e-m+fp/hard/crtbegin.o

.preinit_array  0x080038b4        0x0
                0x080038b4                PROVIDE (__preinit_array_start = .)
 *(.preinit_array*)
                0x080038b4                PROVIDE (__preinit_array_end = .)

.init_array     0x080038b4        0x4
                0x080038b4                PROVIDE (__init_array_start = .)
 *(SORT_BY_NAME(.init_array.*))
 *(.init_array*)
 .init_array    0x080038b4        0x4 c:/program files (x86)/gnu arm embedded toolchain/10 2021.10/bin/../lib/gcc/arm-none-eabi/10.3.1/thumb/v7e-m+fp/hard/crtbegin.o
                0x080038b8                PROVIDE (__init_array_end = .)

.fini_array     0x080038b8        0x4
                [!provide]                PROVIDE (__fini_array_start = .)
 *(SORT_BY_NAME(.fini_array.*))
 *(.fini_array*)
 .fini_array    0x080038b8        0x4 c:/program files (x86)/gnu arm embedded toolchain/10 2021.10/bin/../lib/gcc/arm-none-eabi/10.3.1/thumb/v7e-m+fp/hard/crtbegin.o
                [!provide]                PROVIDE (__fini_array_end = .)
                0x080038bc                _sidata = LOADADDR (.data)

.data           0x20000000       0x10 load address 0x080038bc
                0x20000000                . = ALIGN (0x4)
                0x20000000                _sdata = .
 *(.data)
 *(.data*)
 .data.uwTickFreq
                0x20000000        0x1 build/stm32f4xx_hal.o
                0x20000000                uwTickFreq
 *fill*         0x20000001        0x3 
 .data.uwTickPrio
                0x20000004        0x4 build/stm32f4xx_hal.o
                0x20000004                uwTickPrio
 .data.SystemCoreClock
                0x20000008        0x4 build/system_stm32f4xx.o
                0x20000008                SystemCoreClock
 .data.uxCriticalNesting
                0x2000000c        0x4 build/port.o
                0x20000010                . = ALIGN (0x4)
                0x20000010                _edata = .
                0x080038cc                _siccmram = LOADADDR (.ccmram)

.igot.plt       0x20000010        0x0 load address 0x080038cc
 .igot.plt      0x20000010        0x0 c:/program files (x86)/gnu arm embedded toolchain/10 2021.10/bin/../lib/gcc/arm-none-eabi/10.3.1/thumb/v7e-m+fp/hard/crtbegin.o

.ccmram         0x10000000        0x0 load address 0x080038cc
                0x10000000                . = ALIGN (0x4)
                0x10000000                _sccmram = .
 *(.ccmram)
 *(.ccmram*)
                0x10000000                . = ALIGN (0x4)
                0x10000000                _eccmram = .
                0x10000000                . = ALIGN (0x4)

.bss            0x20000010     0x4ab4
                0x20000010                _sbss = .
                0x20000010                __bss_start__ = _sbss
 *(.bss)
 .bss           0x20000010       0x1c c:/program files (x86)/gnu arm embedded toolchain/10 2021.10/bin/../lib/gcc/arm-none-eabi/10.3.1/thumb/v7e-m+fp/hard/crtbegin.o
 *(.bss*)
 .bss.defaultTaskHandle
                0x2000002c        0x4 build/freertos.o
                0x2000002c                defaultTaskHandle
 .bss.HAL_RCC_CAN1_CLK_ENABLED
                0x20000030        0x4 build/can.o
 .bss.hcan1     0x20000034       0x28 build/can.o
                0x20000034                hcan1
 .bss.hcan2     0x2000005c       0x28 build/can.o
                0x2000005c                hcan2
 .bss.hcrc      0x20000084        0x8 build/crc.o
                0x20000084                hcrc
 .bss.hrng      0x2000008c       0x10 build/rng.o
                0x2000008c                hrng
 .bss.htim6     0x2000009c       0x48 build/tim.o
                0x2000009c                htim6
 .bss.huart1    0x200000e4       0x44 build/usart.o
                0x200000e4                huart1
 .bss.htim14    0x20000128       0x48 build/stm32f4xx_hal_timebase_tim.o
                0x20000128                htim14
 .bss.uwTick    0x20000170        0x4 build/stm32f4xx_hal.o
                0x20000170                uwTick
 .bss.xQueueRegistry
                0x20000174       0x40 build/queue.o
                0x20000174                xQueueRegistry
 .bss.pxCurrentTCB
                0x200001b4        0x4 build/tasks.o
                0x200001b4                pxCurrentTCB
 .bss.pxDelayedTaskList
                0x200001b8        0x4 build/tasks.o
 .bss.pxOverflowDelayedTaskList
                0x200001bc        0x4 build/tasks.o
 .bss.pxReadyTasksLists
                0x200001c0      0x460 build/tasks.o
 .bss.uxCurrentNumberOfTasks
                0x20000620        0x4 build/tasks.o
 .bss.uxDeletedTasksWaitingCleanUp
                0x20000624        0x4 build/tasks.o
 .bss.uxSchedulerSuspended
                0x20000628        0x4 build/tasks.o
 .bss.uxTaskNumber
                0x2000062c        0x4 build/tasks.o
 .bss.uxTopReadyPriority
                0x20000630        0x4 build/tasks.o
 .bss.xDelayedTaskList1
                0x20000634       0x14 build/tasks.o
 .bss.xDelayedTaskList2
                0x20000648       0x14 build/tasks.o
 .bss.xIdleTaskHandle
                0x2000065c        0x4 build/tasks.o
 .bss.xNextTaskUnblockTime
                0x20000660        0x4 build/tasks.o
 .bss.xNumOfOverflows
                0x20000664        0x4 build/tasks.o
 .bss.xPendedTicks
                0x20000668        0x4 build/tasks.o
 .bss.xPendingReadyList
                0x2000066c       0x14 build/tasks.o
 .bss.xSchedulerRunning
                0x20000680        0x4 build/tasks.o
 .bss.xSuspendedTaskList
                0x20000684       0x14 build/tasks.o
 .bss.xTasksWaitingTermination
                0x20000698       0x14 build/tasks.o
 .bss.xTickCount
                0x200006ac        0x4 build/tasks.o
 .bss.xYieldPending
                0x200006b0        0x4 build/tasks.o
 .bss.pxCurrentTimerList
                0x200006b4        0x4 build/timers.o
 .bss.pxOverflowTimerList
                0x200006b8        0x4 build/timers.o
 .bss.ucStaticTimerQueueStorage.1
                0x200006bc       0xa0 build/timers.o
 .bss.xActiveTimerList1
                0x2000075c       0x14 build/timers.o
 .bss.xActiveTimerList2
                0x20000770       0x14 build/timers.o
 .bss.xLastTime.2
                0x20000784        0x4 build/timers.o
 .bss.xStaticTimerQueue.0
                0x20000788       0x50 build/timers.o
 .bss.xTimerQueue
                0x200007d8        0x4 build/timers.o
 .bss.xTimerTaskHandle
                0x200007dc        0x4 build/timers.o
 .bss.Idle_Stack.2
                0x200007e0      0x200 build/cmsis_os2.o
 .bss.Idle_TCB.3
                0x200009e0       0x5c build/cmsis_os2.o
 .bss.KernelState
                0x20000a3c        0x4 build/cmsis_os2.o
 .bss.Timer_Stack.0
                0x20000a40      0x400 build/cmsis_os2.o
 .bss.Timer_TCB.1
                0x20000e40       0x5c build/cmsis_os2.o
 .bss.pxEnd     0x20000e9c        0x4 build/heap_4.o
 .bss.ucHeap    0x20000ea0     0x3c00 build/heap_4.o
 .bss.xBlockAllocatedBit
                0x20004aa0        0x4 build/heap_4.o
 .bss.xFreeBytesRemaining
                0x20004aa4        0x4 build/heap_4.o
 .bss.xMinimumEverFreeBytesRemaining
                0x20004aa8        0x4 build/heap_4.o
 .bss.xNumberOfSuccessfulAllocations
                0x20004aac        0x4 build/heap_4.o
 .bss.xNumberOfSuccessfulFrees
                0x20004ab0        0x4 build/heap_4.o
 .bss.xStart    0x20004ab4        0x8 build/heap_4.o
 .bss.ucMaxSysCallPriority
                0x20004abc        0x1 build/port.o
 *fill*         0x20004abd        0x3 
 .bss.ulMaxPRIGROUPValue
                0x20004ac0        0x4 build/port.o
 *(COMMON)
                0x20004ac4                . = ALIGN (0x4)
                0x20004ac4                _ebss = .
                0x20004ac4                __bss_end__ = _ebss

._user_heap_stack
                0x20004ac4      0x604
                0x20004ac8                . = ALIGN (0x8)
 *fill*         0x20004ac4        0x4 
                [!provide]                PROVIDE (end = .)
                [!provide]                PROVIDE (_end = .)
                0x20004cc8                . = (. + _Min_Heap_Size)
 *fill*         0x20004ac8      0x200 
                0x200050c8                . = (. + _Min_Stack_Size)
 *fill*         0x20004cc8      0x400 
                0x200050c8                . = ALIGN (0x8)

/DISCARD/
 libc.a(*)
 libm.a(*)
 libgcc.a(*)

.ARM.attributes
                0x00000000       0x30
 *(.ARM.attributes)
 .ARM.attributes
                0x00000000       0x1e c:/program files (x86)/gnu arm embedded toolchain/10 2021.10/bin/../lib/gcc/arm-none-eabi/10.3.1/thumb/v7e-m+fp/hard/crti.o
 .ARM.attributes
                0x0000001e       0x34 c:/program files (x86)/gnu arm embedded toolchain/10 2021.10/bin/../lib/gcc/arm-none-eabi/10.3.1/thumb/v7e-m+fp/hard/crtbegin.o
 .ARM.attributes
                0x00000052       0x34 build/main.o
 .ARM.attributes
                0x00000086       0x34 build/gpio.o
 .ARM.attributes
                0x000000ba       0x34 build/freertos.o
 .ARM.attributes
                0x000000ee       0x34 build/can.o
 .ARM.attributes
                0x00000122       0x34 build/crc.o
 .ARM.attributes
                0x00000156       0x34 build/rng.o
 .ARM.attributes
                0x0000018a       0x34 build/tim.o
 .ARM.attributes
                0x000001be       0x34 build/usart.o
 .ARM.attributes
                0x000001f2       0x34 build/stm32f4xx_it.o
 .ARM.attributes
                0x00000226       0x34 build/stm32f4xx_hal_msp.o
 .ARM.attributes
                0x0000025a       0x34 build/stm32f4xx_hal_timebase_tim.o
 .ARM.attributes
                0x0000028e       0x34 build/stm32f4xx_hal_can.o
 .ARM.attributes
                0x000002c2       0x34 build/stm32f4xx_hal_rcc.o
 .ARM.attributes
                0x000002f6       0x34 build/stm32f4xx_hal_gpio.o
 .ARM.attributes
                0x0000032a       0x34 build/stm32f4xx_hal_cortex.o
 .ARM.attributes
                0x0000035e       0x34 build/stm32f4xx_hal.o
 .ARM.attributes
                0x00000392       0x34 build/stm32f4xx_hal_crc.o
 .ARM.attributes
                0x000003c6       0x34 build/stm32f4xx_hal_rng.o
 .ARM.attributes
                0x000003fa       0x34 build/stm32f4xx_hal_tim.o
 .ARM.attributes
                0x0000042e       0x34 build/stm32f4xx_hal_tim_ex.o
 .ARM.attributes
                0x00000462       0x34 build/stm32f4xx_hal_uart.o
 .ARM.attributes
                0x00000496       0x34 build/system_stm32f4xx.o
 .ARM.attributes
                0x000004ca       0x34 build/list.o
 .ARM.attributes
                0x000004fe       0x34 build/queue.o
 .ARM.attributes
                0x00000532       0x34 build/tasks.o
 .ARM.attributes
                0x00000566       0x34 build/timers.o
 .ARM.attributes
                0x0000059a       0x34 build/cmsis_os2.o
 .ARM.attributes
                0x000005ce       0x34 build/heap_4.o
 .ARM.attributes
                0x00000602       0x34 build/port.o
 .ARM.attributes
                0x00000636       0x21 build/startup_stm32f407xx.o
 .ARM.attributes
                0x00000657       0x34 c:/program files (x86)/gnu arm embedded toolchain/10 2021.10/bin/../lib/gcc/arm-none-eabi/10.3.1/../../../../arm-none-eabi/lib/thumb/v7e-m+fp/hard\libc_nano.a(lib_a-init.o)
 .ARM.attributes
                0x0000068b       0x34 c:/program files (x86)/gnu arm embedded toolchain/10 2021.10/bin/../lib/gcc/arm-none-eabi/10.3.1/../../../../arm-none-eabi/lib/thumb/v7e-m+fp/hard\libc_nano.a(lib_a-memcpy-stub.o)
 .ARM.attributes
                0x000006bf       0x34 c:/program files (x86)/gnu arm embedded toolchain/10 2021.10/bin/../lib/gcc/arm-none-eabi/10.3.1/../../../../arm-none-eabi/lib/thumb/v7e-m+fp/hard\libc_nano.a(lib_a-memset.o)
 .ARM.attributes
                0x000006f3       0x1e c:/program files (x86)/gnu arm embedded toolchain/10 2021.10/bin/../lib/gcc/arm-none-eabi/10.3.1/thumb/v7e-m+fp/hard\libgcc.a(_aeabi_uldivmod.o)
 .ARM.attributes
                0x00000711       0x34 c:/program files (x86)/gnu arm embedded toolchain/10 2021.10/bin/../lib/gcc/arm-none-eabi/10.3.1/thumb/v7e-m+fp/hard\libgcc.a(_udivmoddi4.o)
 .ARM.attributes
                0x00000745       0x1e c:/program files (x86)/gnu arm embedded toolchain/10 2021.10/bin/../lib/gcc/arm-none-eabi/10.3.1/thumb/v7e-m+fp/hard\libgcc.a(_dvmd_tls.o)
 .ARM.attributes
                0x00000763       0x1e c:/program files (x86)/gnu arm embedded toolchain/10 2021.10/bin/../lib/gcc/arm-none-eabi/10.3.1/thumb/v7e-m+fp/hard/crtn.o
OUTPUT(build/kumiko.elf elf32-littlearm)
LOAD linker stubs
LOAD c:/program files (x86)/gnu arm embedded toolchain/10 2021.10/bin/../lib/gcc/arm-none-eabi/10.3.1/../../../../arm-none-eabi/lib/thumb/v7e-m+fp/hard\libc.a
LOAD c:/program files (x86)/gnu arm embedded toolchain/10 2021.10/bin/../lib/gcc/arm-none-eabi/10.3.1/../../../../arm-none-eabi/lib/thumb/v7e-m+fp/hard\libm.a
LOAD c:/program files (x86)/gnu arm embedded toolchain/10 2021.10/bin/../lib/gcc/arm-none-eabi/10.3.1/thumb/v7e-m+fp/hard\libgcc.a

.debug_info     0x00000000    0x221d6
 .debug_info    0x00000000      0xd64 build/main.o
 .debug_info    0x00000d64      0x308 build/gpio.o
 .debug_info    0x0000106c      0x379 build/freertos.o
 .debug_info    0x000013e5      0xabb build/can.o
 .debug_info    0x00001ea0      0x4f3 build/crc.o
 .debug_info    0x00002393      0x4bc build/rng.o
 .debug_info    0x0000284f      0xa6d build/tim.o
 .debug_info    0x000032bc      0xb0c build/usart.o
 .debug_info    0x00003dc8      0x7a4 build/stm32f4xx_it.o
 .debug_info    0x0000456c      0x541 build/stm32f4xx_hal_msp.o
 .debug_info    0x00004aad      0xd51 build/stm32f4xx_hal_timebase_tim.o
 .debug_info    0x000057fe     0x1396 build/stm32f4xx_hal_can.o
 .debug_info    0x00006b94      0xbe6 build/stm32f4xx_hal_rcc.o
 .debug_info    0x0000777a      0x848 build/stm32f4xx_hal_gpio.o
 .debug_info    0x00007fc2     0x1174 build/stm32f4xx_hal_cortex.o
 .debug_info    0x00009136      0xacf build/stm32f4xx_hal.o
 .debug_info    0x00009c05      0x41d build/stm32f4xx_hal_crc.o
 .debug_info    0x0000a022      0x5c1 build/stm32f4xx_hal_rng.o
 .debug_info    0x0000a5e3     0x4062 build/stm32f4xx_hal_tim.o
 .debug_info    0x0000e645     0x1c6a build/stm32f4xx_hal_tim_ex.o
 .debug_info    0x000102af     0x43cc build/stm32f4xx_hal_uart.o
 .debug_info    0x0001467b      0x5b3 build/system_stm32f4xx.o
 .debug_info    0x00014c2e      0x30f build/list.o
 .debug_info    0x00014f3d     0x2968 build/queue.o
 .debug_info    0x000178a5     0x333f build/tasks.o
 .debug_info    0x0001abe4     0x1bd3 build/timers.o
 .debug_info    0x0001c7b7     0x4e1b build/cmsis_os2.o
 .debug_info    0x000215d2      0x61a build/heap_4.o
 .debug_info    0x00021bec      0x5c8 build/port.o
 .debug_info    0x000221b4       0x22 build/startup_stm32f407xx.o

.debug_abbrev   0x00000000     0x41bf
 .debug_abbrev  0x00000000      0x230 build/main.o
 .debug_abbrev  0x00000230       0xd3 build/gpio.o
 .debug_abbrev  0x00000303      0x10e build/freertos.o
 .debug_abbrev  0x00000411      0x1cf build/can.o
 .debug_abbrev  0x000005e0      0x196 build/crc.o
 .debug_abbrev  0x00000776      0x1aa build/rng.o
 .debug_abbrev  0x00000920      0x1e5 build/tim.o
 .debug_abbrev  0x00000b05      0x1d7 build/usart.o
 .debug_abbrev  0x00000cdc      0x17c build/stm32f4xx_it.o
 .debug_abbrev  0x00000e58      0x11c build/stm32f4xx_hal_msp.o
 .debug_abbrev  0x00000f74      0x1ef build/stm32f4xx_hal_timebase_tim.o
 .debug_abbrev  0x00001163      0x282 build/stm32f4xx_hal_can.o
 .debug_abbrev  0x000013e5      0x2aa build/stm32f4xx_hal_rcc.o
 .debug_abbrev  0x0000168f      0x22b build/stm32f4xx_hal_gpio.o
 .debug_abbrev  0x000018ba      0x382 build/stm32f4xx_hal_cortex.o
 .debug_abbrev  0x00001c3c      0x209 build/stm32f4xx_hal.o
 .debug_abbrev  0x00001e45      0x1e2 build/stm32f4xx_hal_crc.o
 .debug_abbrev  0x00002027      0x1e1 build/stm32f4xx_hal_rng.o
 .debug_abbrev  0x00002208      0x282 build/stm32f4xx_hal_tim.o
 .debug_abbrev  0x0000248a      0x298 build/stm32f4xx_hal_tim_ex.o
 .debug_abbrev  0x00002722      0x34f build/stm32f4xx_hal_uart.o
 .debug_abbrev  0x00002a71      0x11b build/system_stm32f4xx.o
 .debug_abbrev  0x00002b8c      0x124 build/list.o
 .debug_abbrev  0x00002cb0      0x3c4 build/queue.o
 .debug_abbrev  0x00003074      0x387 build/tasks.o
 .debug_abbrev  0x000033fb      0x366 build/timers.o
 .debug_abbrev  0x00003761      0x559 build/cmsis_os2.o
 .debug_abbrev  0x00003cba      0x269 build/heap_4.o
 .debug_abbrev  0x00003f23      0x28a build/port.o
 .debug_abbrev  0x000041ad       0x12 build/startup_stm32f407xx.o

.debug_loc      0x00000000    0x1c86a
 .debug_loc     0x00000000       0xc8 build/main.o
 .debug_loc     0x000000c8       0x2c build/gpio.o
 .debug_loc     0x000000f4       0x65 build/freertos.o
 .debug_loc     0x00000159      0x16f build/can.o
 .debug_loc     0x000002c8       0x4c build/crc.o
 .debug_loc     0x00000314       0x4c build/rng.o
 .debug_loc     0x00000360       0x70 build/tim.o
 .debug_loc     0x000003d0      0x108 build/usart.o
 .debug_loc     0x000004d8       0x20 build/stm32f4xx_it.o
 .debug_loc     0x000004f8       0x38 build/stm32f4xx_hal_msp.o
 .debug_loc     0x00000530       0xbc build/stm32f4xx_hal_timebase_tim.o
 .debug_loc     0x000005ec      0xf4e build/stm32f4xx_hal_can.o
 .debug_loc     0x0000153a      0x6e4 build/stm32f4xx_hal_rcc.o
 .debug_loc     0x00001c1e      0x5e8 build/stm32f4xx_hal_gpio.o
 .debug_loc     0x00002206      0x7a4 build/stm32f4xx_hal_cortex.o
 .debug_loc     0x000029aa      0x1e1 build/stm32f4xx_hal.o
 .debug_loc     0x00002b8b      0x2c3 build/stm32f4xx_hal_crc.o
 .debug_loc     0x00002e4e      0x481 build/stm32f4xx_hal_rng.o
 .debug_loc     0x000032cf     0x5bbc build/stm32f4xx_hal_tim.o
 .debug_loc     0x00008e8b     0x2137 build/stm32f4xx_hal_tim_ex.o
 .debug_loc     0x0000afc2     0x502f build/stm32f4xx_hal_uart.o
 .debug_loc     0x0000fff1      0x158 build/system_stm32f4xx.o
 .debug_loc     0x00010149       0xe5 build/list.o
 .debug_loc     0x0001022e     0x1fe4 build/queue.o
 .debug_loc     0x00012212     0x2c72 build/tasks.o
 .debug_loc     0x00014e84     0x1586 build/timers.o
 .debug_loc     0x0001640a     0x5dbc build/cmsis_os2.o
 .debug_loc     0x0001c1c6      0x4e4 build/heap_4.o
 .debug_loc     0x0001c6aa      0x1c0 build/port.o

.debug_aranges  0x00000000     0x1630
 .debug_aranges
                0x00000000       0x38 build/main.o
 .debug_aranges
                0x00000038       0x20 build/gpio.o
 .debug_aranges
                0x00000058       0x28 build/freertos.o
 .debug_aranges
                0x00000080       0x38 build/can.o
 .debug_aranges
                0x000000b8       0x30 build/crc.o
 .debug_aranges
                0x000000e8       0x30 build/rng.o
 .debug_aranges
                0x00000118       0x30 build/tim.o
 .debug_aranges
                0x00000148       0x30 build/usart.o
 .debug_aranges
                0x00000178       0x50 build/stm32f4xx_it.o
 .debug_aranges
                0x000001c8       0x20 build/stm32f4xx_hal_msp.o
 .debug_aranges
                0x000001e8       0x30 build/stm32f4xx_hal_timebase_tim.o
 .debug_aranges
                0x00000218      0x138 build/stm32f4xx_hal_can.o
 .debug_aranges
                0x00000350       0x88 build/stm32f4xx_hal_rcc.o
 .debug_aranges
                0x000003d8       0x58 build/stm32f4xx_hal_gpio.o
 .debug_aranges
                0x00000430       0xa8 build/stm32f4xx_hal_cortex.o
 .debug_aranges
                0x000004d8       0xf0 build/stm32f4xx_hal.o
 .debug_aranges
                0x000005c8       0x50 build/stm32f4xx_hal_crc.o
 .debug_aranges
                0x00000618       0x88 build/stm32f4xx_hal_rng.o
 .debug_aranges
                0x000006a0      0x3d0 build/stm32f4xx_hal_tim.o
 .debug_aranges
                0x00000a70      0x168 build/stm32f4xx_hal_tim_ex.o
 .debug_aranges
                0x00000bd8      0x200 build/stm32f4xx_hal_uart.o
 .debug_aranges
                0x00000dd8       0x28 build/system_stm32f4xx.o
 .debug_aranges
                0x00000e00       0x40 build/list.o
 .debug_aranges
                0x00000e40      0x158 build/queue.o
 .debug_aranges
                0x00000f98      0x208 build/tasks.o
 .debug_aranges
                0x000011a0       0xf0 build/timers.o
 .debug_aranges
                0x00001290      0x2a0 build/cmsis_os2.o
 .debug_aranges
                0x00001530       0x58 build/heap_4.o
 .debug_aranges
                0x00001588       0x80 build/port.o
 .debug_aranges
                0x00001608       0x28 build/startup_stm32f407xx.o

.debug_ranges   0x00000000     0x1728
 .debug_ranges  0x00000000       0x28 build/main.o
 .debug_ranges  0x00000028       0x10 build/gpio.o
 .debug_ranges  0x00000038       0x18 build/freertos.o
 .debug_ranges  0x00000050       0x28 build/can.o
 .debug_ranges  0x00000078       0x20 build/crc.o
 .debug_ranges  0x00000098       0x20 build/rng.o
 .debug_ranges  0x000000b8       0x20 build/tim.o
 .debug_ranges  0x000000d8       0x20 build/usart.o
 .debug_ranges  0x000000f8       0x40 build/stm32f4xx_it.o
 .debug_ranges  0x00000138       0x10 build/stm32f4xx_hal_msp.o
 .debug_ranges  0x00000148       0x20 build/stm32f4xx_hal_timebase_tim.o
 .debug_ranges  0x00000168      0x128 build/stm32f4xx_hal_can.o
 .debug_ranges  0x00000290       0x90 build/stm32f4xx_hal_rcc.o
 .debug_ranges  0x00000320       0x48 build/stm32f4xx_hal_gpio.o
 .debug_ranges  0x00000368       0xf8 build/stm32f4xx_hal_cortex.o
 .debug_ranges  0x00000460       0xe0 build/stm32f4xx_hal.o
 .debug_ranges  0x00000540       0x40 build/stm32f4xx_hal_crc.o
 .debug_ranges  0x00000580       0x78 build/stm32f4xx_hal_rng.o
 .debug_ranges  0x000005f8      0x3c0 build/stm32f4xx_hal_tim.o
 .debug_ranges  0x000009b8      0x158 build/stm32f4xx_hal_tim_ex.o
 .debug_ranges  0x00000b10      0x208 build/stm32f4xx_hal_uart.o
 .debug_ranges  0x00000d18       0x18 build/system_stm32f4xx.o
 .debug_ranges  0x00000d30       0x30 build/list.o
 .debug_ranges  0x00000d60      0x218 build/queue.o
 .debug_ranges  0x00000f78      0x338 build/tasks.o
 .debug_ranges  0x000012b0       0xe0 build/timers.o
 .debug_ranges  0x00001390      0x2a8 build/cmsis_os2.o
 .debug_ranges  0x00001638       0x48 build/heap_4.o
 .debug_ranges  0x00001680       0x88 build/port.o
 .debug_ranges  0x00001708       0x20 build/startup_stm32f407xx.o

.debug_line     0x00000000    0x19fb3
 .debug_line    0x00000000      0x3e8 build/main.o
 .debug_line    0x000003e8      0x167 build/gpio.o
 .debug_line    0x0000054f      0x199 build/freertos.o
 .debug_line    0x000006e8      0x4ab build/can.o
 .debug_line    0x00000b93      0x22e build/crc.o
 .debug_line    0x00000dc1      0x22e build/rng.o
 .debug_line    0x00000fef      0x2a1 build/tim.o
 .debug_line    0x00001290      0x30d build/usart.o
 .debug_line    0x0000159d      0x291 build/stm32f4xx_it.o
 .debug_line    0x0000182e      0x1aa build/stm32f4xx_hal_msp.o
 .debug_line    0x000019d8      0x298 build/stm32f4xx_hal_timebase_tim.o
 .debug_line    0x00001c70     0x10f1 build/stm32f4xx_hal_can.o
 .debug_line    0x00002d61      0xb23 build/stm32f4xx_hal_rcc.o
 .debug_line    0x00003884      0x6f5 build/stm32f4xx_hal_gpio.o
 .debug_line    0x00003f79      0x78c build/stm32f4xx_hal_cortex.o
 .debug_line    0x00004705      0x579 build/stm32f4xx_hal.o
 .debug_line    0x00004c7e      0x3e5 build/stm32f4xx_hal_crc.o
 .debug_line    0x00005063      0x5a2 build/stm32f4xx_hal_rng.o
 .debug_line    0x00005605     0x4abc build/stm32f4xx_hal_tim.o
 .debug_line    0x0000a0c1     0x1cde build/stm32f4xx_hal_tim_ex.o
 .debug_line    0x0000bd9f     0x45ec build/stm32f4xx_hal_uart.o
 .debug_line    0x0001038b      0x264 build/system_stm32f4xx.o
 .debug_line    0x000105ef      0x36d build/list.o
 .debug_line    0x0001095c     0x2068 build/queue.o
 .debug_line    0x000129c4     0x2dc2 build/tasks.o
 .debug_line    0x00015786      0xf3e build/timers.o
 .debug_line    0x000166c4     0x2a0b build/cmsis_os2.o
 .debug_line    0x000190cf      0x750 build/heap_4.o
 .debug_line    0x0001981f      0x71e build/port.o
 .debug_line    0x00019f3d       0x76 build/startup_stm32f407xx.o

.debug_str      0x00000000     0x774e
 .debug_str     0x00000000      0x966 build/main.o
                                0xa2e (size before relaxing)
 .debug_str     0x00000966       0x10 build/gpio.o
                                0x287 (size before relaxing)
 .debug_str     0x00000976      0x4d2 build/freertos.o
                                0x64f (size before relaxing)
 .debug_str     0x00000e48      0x318 build/can.o
                                0x62f (size before relaxing)
 .debug_str     0x00001160       0xe5 build/crc.o
                                0x3f1 (size before relaxing)
 .debug_str     0x00001245       0xe5 build/rng.o
                                0x3e2 (size before relaxing)
 .debug_str     0x0000132a       0xd2 build/tim.o
                                0x89e (size before relaxing)
 .debug_str     0x000013fc      0x217 build/usart.o
                                0x7d4 (size before relaxing)
 .debug_str     0x00001613       0xb5 build/stm32f4xx_it.o
                                0x73d (size before relaxing)
 .debug_str     0x000016c8      0x52c build/stm32f4xx_hal_msp.o
                                0x796 (size before relaxing)
 .debug_str     0x00001bf4       0xf6 build/stm32f4xx_hal_timebase_tim.o
                                0xe19 (size before relaxing)
 .debug_str     0x00001cea      0x571 build/stm32f4xx_hal_can.o
                                0xa23 (size before relaxing)
 .debug_str     0x0000225b      0x1d6 build/stm32f4xx_hal_rcc.o
                                0x6de (size before relaxing)
 .debug_str     0x00002431      0x153 build/stm32f4xx_hal_gpio.o
                                0x4b8 (size before relaxing)
 .debug_str     0x00002584      0x4d9 build/stm32f4xx_hal_cortex.o
                                0xc04 (size before relaxing)
 .debug_str     0x00002a5d      0x273 build/stm32f4xx_hal.o
                                0xb32 (size before relaxing)
 .debug_str     0x00002cd0       0x95 build/stm32f4xx_hal_crc.o
                                0x37b (size before relaxing)
 .debug_str     0x00002d65      0x150 build/stm32f4xx_hal_rng.o
                                0x431 (size before relaxing)
 .debug_str     0x00002eb5      0xea5 build/stm32f4xx_hal_tim.o
                               0x1691 (size before relaxing)
 .debug_str     0x00003d5a      0x521 build/stm32f4xx_hal_tim_ex.o
                                0xe92 (size before relaxing)
 .debug_str     0x0000427b      0x618 build/stm32f4xx_hal_uart.o
                                0xd31 (size before relaxing)
 .debug_str     0x00004893       0x47 build/system_stm32f4xx.o
                                0x34d (size before relaxing)
 .debug_str     0x000048da      0x14d build/list.o
                                0x2da (size before relaxing)
 .debug_str     0x00004a27      0xa2a build/queue.o
                                0xcf0 (size before relaxing)
 .debug_str     0x00005451      0xc95 build/tasks.o
                               0x12bf (size before relaxing)
 .debug_str     0x000060e6      0x5cf build/timers.o
                                0xc20 (size before relaxing)
 .debug_str     0x000066b5      0xc39 build/cmsis_os2.o
                               0x212c (size before relaxing)
 .debug_str     0x000072ee      0x2bf build/heap_4.o
                                0x4e8 (size before relaxing)
 .debug_str     0x000075ad      0x17d build/port.o
                                0x45a (size before relaxing)
 .debug_str     0x0000772a       0x24 build/startup_stm32f407xx.o
                                 0x42 (size before relaxing)

.comment        0x00000000       0x49
 .comment       0x00000000       0x49 build/main.o
                                 0x4a (size before relaxing)
 .comment       0x00000049       0x4a build/gpio.o
 .comment       0x00000049       0x4a build/freertos.o
 .comment       0x00000049       0x4a build/can.o
 .comment       0x00000049       0x4a build/crc.o
 .comment       0x00000049       0x4a build/rng.o
 .comment       0x00000049       0x4a build/tim.o
 .comment       0x00000049       0x4a build/usart.o
 .comment       0x00000049       0x4a build/stm32f4xx_it.o
 .comment       0x00000049       0x4a build/stm32f4xx_hal_msp.o
 .comment       0x00000049       0x4a build/stm32f4xx_hal_timebase_tim.o
 .comment       0x00000049       0x4a build/stm32f4xx_hal_can.o
 .comment       0x00000049       0x4a build/stm32f4xx_hal_rcc.o
 .comment       0x00000049       0x4a build/stm32f4xx_hal_gpio.o
 .comment       0x00000049       0x4a build/stm32f4xx_hal_cortex.o
 .comment       0x00000049       0x4a build/stm32f4xx_hal.o
 .comment       0x00000049       0x4a build/stm32f4xx_hal_crc.o
 .comment       0x00000049       0x4a build/stm32f4xx_hal_rng.o
 .comment       0x00000049       0x4a build/stm32f4xx_hal_tim.o
 .comment       0x00000049       0x4a build/stm32f4xx_hal_tim_ex.o
 .comment       0x00000049       0x4a build/stm32f4xx_hal_uart.o
 .comment       0x00000049       0x4a build/system_stm32f4xx.o
 .comment       0x00000049       0x4a build/list.o
 .comment       0x00000049       0x4a build/queue.o
 .comment       0x00000049       0x4a build/tasks.o
 .comment       0x00000049       0x4a build/timers.o
 .comment       0x00000049       0x4a build/cmsis_os2.o
 .comment       0x00000049       0x4a build/heap_4.o
 .comment       0x00000049       0x4a build/port.o

.debug_frame    0x00000000     0x3d08
 .debug_frame   0x00000000       0x70 build/main.o
 .debug_frame   0x00000070       0x28 build/gpio.o
 .debug_frame   0x00000098       0x40 build/freertos.o
 .debug_frame   0x000000d8       0x78 build/can.o
 .debug_frame   0x00000150       0x50 build/crc.o
 .debug_frame   0x000001a0       0x50 build/rng.o
 .debug_frame   0x000001f0       0x58 build/tim.o
 .debug_frame   0x00000248       0x68 build/usart.o
 .debug_frame   0x000002b0       0x88 build/stm32f4xx_it.o
 .debug_frame   0x00000338       0x2c build/stm32f4xx_hal_msp.o
 .debug_frame   0x00000364       0x50 build/stm32f4xx_hal_timebase_tim.o
 .debug_frame   0x000003b4      0x2d8 build/stm32f4xx_hal_can.o
 .debug_frame   0x0000068c      0x16c build/stm32f4xx_hal_rcc.o
 .debug_frame   0x000007f8       0xd8 build/stm32f4xx_hal_gpio.o
 .debug_frame   0x000008d0      0x148 build/stm32f4xx_hal_cortex.o
 .debug_frame   0x00000a18      0x1ec build/stm32f4xx_hal.o
 .debug_frame   0x00000c04       0xb8 build/stm32f4xx_hal_crc.o
 .debug_frame   0x00000cbc      0x128 build/stm32f4xx_hal_rng.o
 .debug_frame   0x00000de4      0xb0c build/stm32f4xx_hal_tim.o
 .debug_frame   0x000018f0      0x40c build/stm32f4xx_hal_tim_ex.o
 .debug_frame   0x00001cfc      0x5cc build/stm32f4xx_hal_uart.o
 .debug_frame   0x000022c8       0x30 build/system_stm32f4xx.o
 .debug_frame   0x000022f8       0x70 build/list.o
 .debug_frame   0x00002368      0x458 build/queue.o
 .debug_frame   0x000027c0      0x688 build/tasks.o
 .debug_frame   0x00002e48      0x30c build/timers.o
 .debug_frame   0x00003154      0x900 build/cmsis_os2.o
 .debug_frame   0x00003a54       0xd0 build/heap_4.o
 .debug_frame   0x00003b24      0x110 build/port.o
 .debug_frame   0x00003c34       0x2c c:/program files (x86)/gnu arm embedded toolchain/10 2021.10/bin/../lib/gcc/arm-none-eabi/10.3.1/../../../../arm-none-eabi/lib/thumb/v7e-m+fp/hard\libc_nano.a(lib_a-init.o)
 .debug_frame   0x00003c60       0x28 c:/program files (x86)/gnu arm embedded toolchain/10 2021.10/bin/../lib/gcc/arm-none-eabi/10.3.1/../../../../arm-none-eabi/lib/thumb/v7e-m+fp/hard\libc_nano.a(lib_a-memcpy-stub.o)
 .debug_frame   0x00003c88       0x20 c:/program files (x86)/gnu arm embedded toolchain/10 2021.10/bin/../lib/gcc/arm-none-eabi/10.3.1/../../../../arm-none-eabi/lib/thumb/v7e-m+fp/hard\libc_nano.a(lib_a-memset.o)
 .debug_frame   0x00003ca8       0x2c c:/program files (x86)/gnu arm embedded toolchain/10 2021.10/bin/../lib/gcc/arm-none-eabi/10.3.1/thumb/v7e-m+fp/hard\libgcc.a(_aeabi_uldivmod.o)
 .debug_frame   0x00003cd4       0x34 c:/program files (x86)/gnu arm embedded toolchain/10 2021.10/bin/../lib/gcc/arm-none-eabi/10.3.1/thumb/v7e-m+fp/hard\libgcc.a(_udivmoddi4.o)

Cross Reference Table

Symbol                                            File
ADC_IRQHandler                                    build/startup_stm32f407xx.o
AHBPrescTable                                     build/system_stm32f4xx.o
                                                  build/stm32f4xx_hal_rcc.o
APBPrescTable                                     build/system_stm32f4xx.o
                                                  build/stm32f4xx_hal_rcc.o
BusFault_Handler                                  build/stm32f4xx_it.o
CAN1_RX0_IRQHandler                               build/startup_stm32f407xx.o
CAN1_RX1_IRQHandler                               build/startup_stm32f407xx.o
CAN1_SCE_IRQHandler                               build/startup_stm32f407xx.o
CAN1_TX_IRQHandler                                build/startup_stm32f407xx.o
CAN2_RX0_IRQHandler                               build/startup_stm32f407xx.o
CAN2_RX1_IRQHandler                               build/startup_stm32f407xx.o
CAN2_SCE_IRQHandler                               build/startup_stm32f407xx.o
CAN2_TX_IRQHandler                                build/startup_stm32f407xx.o
DCMI_IRQHandler                                   build/startup_stm32f407xx.o
DMA1_Stream0_IRQHandler                           build/startup_stm32f407xx.o
DMA1_Stream1_IRQHandler                           build/startup_stm32f407xx.o
DMA1_Stream2_IRQHandler                           build/startup_stm32f407xx.o
DMA1_Stream3_IRQHandler                           build/startup_stm32f407xx.o
DMA1_Stream4_IRQHandler                           build/startup_stm32f407xx.o
DMA1_Stream5_IRQHandler                           build/startup_stm32f407xx.o
DMA1_Stream6_IRQHandler                           build/startup_stm32f407xx.o
DMA1_Stream7_IRQHandler                           build/startup_stm32f407xx.o
DMA2_Stream0_IRQHandler                           build/startup_stm32f407xx.o
DMA2_Stream1_IRQHandler                           build/startup_stm32f407xx.o
DMA2_Stream2_IRQHandler                           build/startup_stm32f407xx.o
DMA2_Stream3_IRQHandler                           build/startup_stm32f407xx.o
DMA2_Stream4_IRQHandler                           build/startup_stm32f407xx.o
DMA2_Stream5_IRQHandler                           build/startup_stm32f407xx.o
DMA2_Stream6_IRQHandler                           build/startup_stm32f407xx.o
DMA2_Stream7_IRQHandler                           build/startup_stm32f407xx.o
DebugMon_Handler                                  build/stm32f4xx_it.o
Default_Handler                                   build/startup_stm32f407xx.o
ETH_IRQHandler                                    build/startup_stm32f407xx.o
ETH_WKUP_IRQHandler                               build/startup_stm32f407xx.o
EXTI0_IRQHandler                                  build/startup_stm32f407xx.o
EXTI15_10_IRQHandler                              build/startup_stm32f407xx.o
EXTI1_IRQHandler                                  build/startup_stm32f407xx.o
EXTI2_IRQHandler                                  build/startup_stm32f407xx.o
EXTI3_IRQHandler                                  build/startup_stm32f407xx.o
EXTI4_IRQHandler                                  build/startup_stm32f407xx.o
EXTI9_5_IRQHandler                                build/startup_stm32f407xx.o
Error_Handler                                     build/main.o
                                                  build/usart.o
                                                  build/tim.o
                                                  build/rng.o
                                                  build/crc.o
                                                  build/can.o
FLASH_Erase_Sector                                build/stm32f4xx_hal_flash_ex.o
                                                  build/stm32f4xx_hal_flash.o
FLASH_FlushCaches                                 build/stm32f4xx_hal_flash_ex.o
                                                  build/stm32f4xx_hal_flash.o
FLASH_IRQHandler                                  build/startup_stm32f407xx.o
FLASH_WaitForLastOperation                        build/stm32f4xx_hal_flash.o
                                                  build/stm32f4xx_hal_flash_ex.o
FPU_IRQHandler                                    build/startup_stm32f407xx.o
FSMC_IRQHandler                                   build/startup_stm32f407xx.o
HAL_CAN_AbortTxRequest                            build/stm32f4xx_hal_can.o
HAL_CAN_ActivateNotification                      build/stm32f4xx_hal_can.o
HAL_CAN_AddTxMessage                              build/stm32f4xx_hal_can.o
HAL_CAN_ConfigFilter                              build/stm32f4xx_hal_can.o
HAL_CAN_DeInit                                    build/stm32f4xx_hal_can.o
HAL_CAN_DeactivateNotification                    build/stm32f4xx_hal_can.o
HAL_CAN_ErrorCallback                             build/stm32f4xx_hal_can.o
HAL_CAN_GetError                                  build/stm32f4xx_hal_can.o
HAL_CAN_GetRxFifoFillLevel                        build/stm32f4xx_hal_can.o
HAL_CAN_GetRxMessage                              build/stm32f4xx_hal_can.o
HAL_CAN_GetState                                  build/stm32f4xx_hal_can.o
HAL_CAN_GetTxMailboxesFreeLevel                   build/stm32f4xx_hal_can.o
HAL_CAN_GetTxTimestamp                            build/stm32f4xx_hal_can.o
HAL_CAN_IRQHandler                                build/stm32f4xx_hal_can.o
HAL_CAN_Init                                      build/stm32f4xx_hal_can.o
                                                  build/can.o
HAL_CAN_IsSleepActive                             build/stm32f4xx_hal_can.o
HAL_CAN_IsTxMessagePending                        build/stm32f4xx_hal_can.o
HAL_CAN_MspDeInit                                 build/can.o
HAL_CAN_MspInit                                   build/can.o
HAL_CAN_RequestSleep                              build/stm32f4xx_hal_can.o
HAL_CAN_ResetError                                build/stm32f4xx_hal_can.o
HAL_CAN_RxFifo0FullCallback                       build/stm32f4xx_hal_can.o
HAL_CAN_RxFifo0MsgPendingCallback                 build/stm32f4xx_hal_can.o
HAL_CAN_RxFifo1FullCallback                       build/stm32f4xx_hal_can.o
HAL_CAN_RxFifo1MsgPendingCallback                 build/stm32f4xx_hal_can.o
HAL_CAN_SleepCallback                             build/stm32f4xx_hal_can.o
HAL_CAN_Start                                     build/stm32f4xx_hal_can.o
HAL_CAN_Stop                                      build/stm32f4xx_hal_can.o
HAL_CAN_TxMailbox0AbortCallback                   build/stm32f4xx_hal_can.o
HAL_CAN_TxMailbox0CompleteCallback                build/stm32f4xx_hal_can.o
HAL_CAN_TxMailbox1AbortCallback                   build/stm32f4xx_hal_can.o
HAL_CAN_TxMailbox1CompleteCallback                build/stm32f4xx_hal_can.o
HAL_CAN_TxMailbox2AbortCallback                   build/stm32f4xx_hal_can.o
HAL_CAN_TxMailbox2CompleteCallback                build/stm32f4xx_hal_can.o
HAL_CAN_WakeUp                                    build/stm32f4xx_hal_can.o
HAL_CAN_WakeUpFromRxMsgCallback                   build/stm32f4xx_hal_can.o
HAL_CRC_Accumulate                                build/stm32f4xx_hal_crc.o
HAL_CRC_Calculate                                 build/stm32f4xx_hal_crc.o
HAL_CRC_DeInit                                    build/stm32f4xx_hal_crc.o
HAL_CRC_GetState                                  build/stm32f4xx_hal_crc.o
HAL_CRC_Init                                      build/stm32f4xx_hal_crc.o
                                                  build/crc.o
HAL_CRC_MspDeInit                                 build/crc.o
HAL_CRC_MspInit                                   build/crc.o
HAL_DBGMCU_DisableDBGSleepMode                    build/stm32f4xx_hal.o
HAL_DBGMCU_DisableDBGStandbyMode                  build/stm32f4xx_hal.o
HAL_DBGMCU_DisableDBGStopMode                     build/stm32f4xx_hal.o
HAL_DBGMCU_EnableDBGSleepMode                     build/stm32f4xx_hal.o
HAL_DBGMCU_EnableDBGStandbyMode                   build/stm32f4xx_hal.o
HAL_DBGMCU_EnableDBGStopMode                      build/stm32f4xx_hal.o
HAL_DMAEx_ChangeMemory                            build/stm32f4xx_hal_dma_ex.o
HAL_DMAEx_MultiBufferStart                        build/stm32f4xx_hal_dma_ex.o
HAL_DMAEx_MultiBufferStart_IT                     build/stm32f4xx_hal_dma_ex.o
HAL_DMA_Abort                                     build/stm32f4xx_hal_dma.o
                                                  build/stm32f4xx_hal_uart.o
HAL_DMA_Abort_IT                                  build/stm32f4xx_hal_dma.o
                                                  build/stm32f4xx_hal_uart.o
                                                  build/stm32f4xx_hal_tim_ex.o
                                                  build/stm32f4xx_hal_tim.o
HAL_DMA_DeInit                                    build/stm32f4xx_hal_dma.o
HAL_DMA_GetError                                  build/stm32f4xx_hal_dma.o
                                                  build/stm32f4xx_hal_uart.o
HAL_DMA_GetState                                  build/stm32f4xx_hal_dma.o
HAL_DMA_IRQHandler                                build/stm32f4xx_hal_dma.o
HAL_DMA_Init                                      build/stm32f4xx_hal_dma.o
HAL_DMA_PollForTransfer                           build/stm32f4xx_hal_dma.o
HAL_DMA_RegisterCallback                          build/stm32f4xx_hal_dma.o
HAL_DMA_Start                                     build/stm32f4xx_hal_dma.o
HAL_DMA_Start_IT                                  build/stm32f4xx_hal_dma.o
                                                  build/stm32f4xx_hal_uart.o
                                                  build/stm32f4xx_hal_tim_ex.o
                                                  build/stm32f4xx_hal_tim.o
HAL_DMA_UnRegisterCallback                        build/stm32f4xx_hal_dma.o
HAL_DeInit                                        build/stm32f4xx_hal.o
HAL_Delay                                         build/stm32f4xx_hal.o
HAL_DisableCompensationCell                       build/stm32f4xx_hal.o
HAL_EXTI_ClearConfigLine                          build/stm32f4xx_hal_exti.o
HAL_EXTI_ClearPending                             build/stm32f4xx_hal_exti.o
HAL_EXTI_GenerateSWI                              build/stm32f4xx_hal_exti.o
HAL_EXTI_GetConfigLine                            build/stm32f4xx_hal_exti.o
HAL_EXTI_GetHandle                                build/stm32f4xx_hal_exti.o
HAL_EXTI_GetPending                               build/stm32f4xx_hal_exti.o
HAL_EXTI_IRQHandler                               build/stm32f4xx_hal_exti.o
HAL_EXTI_RegisterCallback                         build/stm32f4xx_hal_exti.o
HAL_EXTI_SetConfigLine                            build/stm32f4xx_hal_exti.o
HAL_EnableCompensationCell                        build/stm32f4xx_hal.o
HAL_FLASHEx_Erase                                 build/stm32f4xx_hal_flash_ex.o
HAL_FLASHEx_Erase_IT                              build/stm32f4xx_hal_flash_ex.o
HAL_FLASHEx_OBGetConfig                           build/stm32f4xx_hal_flash_ex.o
HAL_FLASHEx_OBProgram                             build/stm32f4xx_hal_flash_ex.o
HAL_FLASH_EndOfOperationCallback                  build/stm32f4xx_hal_flash.o
HAL_FLASH_GetError                                build/stm32f4xx_hal_flash.o
HAL_FLASH_IRQHandler                              build/stm32f4xx_hal_flash.o
HAL_FLASH_Lock                                    build/stm32f4xx_hal_flash.o
HAL_FLASH_OB_Launch                               build/stm32f4xx_hal_flash.o
HAL_FLASH_OB_Lock                                 build/stm32f4xx_hal_flash.o
HAL_FLASH_OB_Unlock                               build/stm32f4xx_hal_flash.o
HAL_FLASH_OperationErrorCallback                  build/stm32f4xx_hal_flash.o
HAL_FLASH_Program                                 build/stm32f4xx_hal_flash.o
HAL_FLASH_Program_IT                              build/stm32f4xx_hal_flash.o
HAL_FLASH_Unlock                                  build/stm32f4xx_hal_flash.o
HAL_GPIO_DeInit                                   build/stm32f4xx_hal_gpio.o
                                                  build/usart.o
                                                  build/can.o
HAL_GPIO_EXTI_Callback                            build/stm32f4xx_hal_gpio.o
HAL_GPIO_EXTI_IRQHandler                          build/stm32f4xx_hal_gpio.o
HAL_GPIO_Init                                     build/stm32f4xx_hal_gpio.o
                                                  build/stm32f4xx_hal_rcc.o
                                                  build/usart.o
                                                  build/can.o
HAL_GPIO_LockPin                                  build/stm32f4xx_hal_gpio.o
HAL_GPIO_ReadPin                                  build/stm32f4xx_hal_gpio.o
HAL_GPIO_TogglePin                                build/stm32f4xx_hal_gpio.o
HAL_GPIO_WritePin                                 build/stm32f4xx_hal_gpio.o
HAL_GetDEVID                                      build/stm32f4xx_hal.o
HAL_GetHalVersion                                 build/stm32f4xx_hal.o
HAL_GetREVID                                      build/stm32f4xx_hal.o
HAL_GetTick                                       build/stm32f4xx_hal.o
                                                  build/stm32f4xx_hal_uart.o
                                                  build/stm32f4xx_hal_rng.o
                                                  build/stm32f4xx_hal_pwr_ex.o
                                                  build/stm32f4xx_hal_dma.o
                                                  build/stm32f4xx_hal_flash.o
                                                  build/stm32f4xx_hal_rcc_ex.o
                                                  build/stm32f4xx_hal_rcc.o
                                                  build/stm32f4xx_hal_can.o
HAL_GetTickFreq                                   build/stm32f4xx_hal.o
HAL_GetTickPrio                                   build/stm32f4xx_hal.o
HAL_GetUIDw0                                      build/stm32f4xx_hal.o
HAL_GetUIDw1                                      build/stm32f4xx_hal.o
HAL_GetUIDw2                                      build/stm32f4xx_hal.o
HAL_HalfDuplex_EnableReceiver                     build/stm32f4xx_hal_uart.o
HAL_HalfDuplex_EnableTransmitter                  build/stm32f4xx_hal_uart.o
HAL_HalfDuplex_Init                               build/stm32f4xx_hal_uart.o
HAL_IncTick                                       build/stm32f4xx_hal.o
                                                  build/main.o
HAL_Init                                          build/stm32f4xx_hal.o
                                                  build/main.o
HAL_InitTick                                      build/stm32f4xx_hal_timebase_tim.o
                                                  build/stm32f4xx_hal_rcc_ex.o
                                                  build/stm32f4xx_hal_rcc.o
HAL_LIN_Init                                      build/stm32f4xx_hal_uart.o
HAL_LIN_SendBreak                                 build/stm32f4xx_hal_uart.o
HAL_MPU_ConfigRegion                              build/stm32f4xx_hal_cortex.o
HAL_MPU_Disable                                   build/stm32f4xx_hal_cortex.o
HAL_MPU_Enable                                    build/stm32f4xx_hal_cortex.o
HAL_MspDeInit                                     build/stm32f4xx_hal.o
HAL_MspInit                                       build/stm32f4xx_hal_msp.o
HAL_MultiProcessor_EnterMuteMode                  build/stm32f4xx_hal_uart.o
HAL_MultiProcessor_ExitMuteMode                   build/stm32f4xx_hal_uart.o
HAL_MultiProcessor_Init                           build/stm32f4xx_hal_uart.o
HAL_NVIC_ClearPendingIRQ                          build/stm32f4xx_hal_cortex.o
HAL_NVIC_DisableIRQ                               build/stm32f4xx_hal_cortex.o
HAL_NVIC_EnableIRQ                                build/stm32f4xx_hal_cortex.o
                                                  build/stm32f4xx_hal_timebase_tim.o
HAL_NVIC_GetActive                                build/stm32f4xx_hal_cortex.o
HAL_NVIC_GetPendingIRQ                            build/stm32f4xx_hal_cortex.o
HAL_NVIC_GetPriority                              build/stm32f4xx_hal_cortex.o
HAL_NVIC_GetPriorityGrouping                      build/stm32f4xx_hal_cortex.o
HAL_NVIC_SetPendingIRQ                            build/stm32f4xx_hal_cortex.o
HAL_NVIC_SetPriority                              build/stm32f4xx_hal_cortex.o
                                                  build/stm32f4xx_hal.o
                                                  build/stm32f4xx_hal_timebase_tim.o
                                                  build/stm32f4xx_hal_msp.o
HAL_NVIC_SetPriorityGrouping                      build/stm32f4xx_hal_cortex.o
                                                  build/stm32f4xx_hal.o
HAL_NVIC_SystemReset                              build/stm32f4xx_hal_cortex.o
HAL_PWREx_ControlVoltageScaling                   build/stm32f4xx_hal_pwr_ex.o
HAL_PWREx_DisableBkUpReg                          build/stm32f4xx_hal_pwr_ex.o
HAL_PWREx_DisableFlashPowerDown                   build/stm32f4xx_hal_pwr_ex.o
HAL_PWREx_EnableBkUpReg                           build/stm32f4xx_hal_pwr_ex.o
HAL_PWREx_EnableFlashPowerDown                    build/stm32f4xx_hal_pwr_ex.o
HAL_PWREx_GetVoltageRange                         build/stm32f4xx_hal_pwr_ex.o
HAL_PWR_ConfigPVD                                 build/stm32f4xx_hal_pwr.o
HAL_PWR_DeInit                                    build/stm32f4xx_hal_pwr.o
HAL_PWR_DisableBkUpAccess                         build/stm32f4xx_hal_pwr.o
HAL_PWR_DisablePVD                                build/stm32f4xx_hal_pwr.o
HAL_PWR_DisableSEVOnPend                          build/stm32f4xx_hal_pwr.o
HAL_PWR_DisableSleepOnExit                        build/stm32f4xx_hal_pwr.o
HAL_PWR_DisableWakeUpPin                          build/stm32f4xx_hal_pwr.o
HAL_PWR_EnableBkUpAccess                          build/stm32f4xx_hal_pwr.o
HAL_PWR_EnablePVD                                 build/stm32f4xx_hal_pwr.o
HAL_PWR_EnableSEVOnPend                           build/stm32f4xx_hal_pwr.o
HAL_PWR_EnableSleepOnExit                         build/stm32f4xx_hal_pwr.o
HAL_PWR_EnableWakeUpPin                           build/stm32f4xx_hal_pwr.o
HAL_PWR_EnterSLEEPMode                            build/stm32f4xx_hal_pwr.o
HAL_PWR_EnterSTANDBYMode                          build/stm32f4xx_hal_pwr.o
HAL_PWR_EnterSTOPMode                             build/stm32f4xx_hal_pwr.o
HAL_PWR_PVDCallback                               build/stm32f4xx_hal_pwr.o
HAL_PWR_PVD_IRQHandler                            build/stm32f4xx_hal_pwr.o
HAL_RCCEx_DisablePLLI2S                           build/stm32f4xx_hal_rcc_ex.o
HAL_RCCEx_EnablePLLI2S                            build/stm32f4xx_hal_rcc_ex.o
HAL_RCCEx_GetPeriphCLKConfig                      build/stm32f4xx_hal_rcc_ex.o
HAL_RCCEx_GetPeriphCLKFreq                        build/stm32f4xx_hal_rcc_ex.o
HAL_RCCEx_PeriphCLKConfig                         build/stm32f4xx_hal_rcc_ex.o
HAL_RCC_CSSCallback                               build/stm32f4xx_hal_rcc.o
HAL_RCC_ClockConfig                               build/stm32f4xx_hal_rcc.o
                                                  build/main.o
HAL_RCC_DeInit                                    build/stm32f4xx_hal_rcc_ex.o
                                                  build/stm32f4xx_hal_rcc.o
HAL_RCC_DisableCSS                                build/stm32f4xx_hal_rcc.o
HAL_RCC_EnableCSS                                 build/stm32f4xx_hal_rcc.o
HAL_RCC_GetClockConfig                            build/stm32f4xx_hal_rcc.o
                                                  build/stm32f4xx_hal_timebase_tim.o
HAL_RCC_GetHCLKFreq                               build/stm32f4xx_hal_rcc.o
HAL_RCC_GetOscConfig                              build/stm32f4xx_hal_rcc.o
HAL_RCC_GetPCLK1Freq                              build/stm32f4xx_hal_rcc.o
                                                  build/stm32f4xx_hal_uart.o
                                                  build/stm32f4xx_hal_timebase_tim.o
HAL_RCC_GetPCLK2Freq                              build/stm32f4xx_hal_rcc.o
                                                  build/stm32f4xx_hal_uart.o
HAL_RCC_GetSysClockFreq                           build/stm32f4xx_hal_rcc.o
HAL_RCC_MCOConfig                                 build/stm32f4xx_hal_rcc.o
HAL_RCC_NMI_IRQHandler                            build/stm32f4xx_hal_rcc.o
HAL_RCC_OscConfig                                 build/stm32f4xx_hal_rcc.o
                                                  build/main.o
HAL_RNG_DeInit                                    build/stm32f4xx_hal_rng.o
HAL_RNG_ErrorCallback                             build/stm32f4xx_hal_rng.o
HAL_RNG_GenerateRandomNumber                      build/stm32f4xx_hal_rng.o
HAL_RNG_GenerateRandomNumber_IT                   build/stm32f4xx_hal_rng.o
HAL_RNG_GetError                                  build/stm32f4xx_hal_rng.o
HAL_RNG_GetRandomNumber                           build/stm32f4xx_hal_rng.o
HAL_RNG_GetRandomNumber_IT                        build/stm32f4xx_hal_rng.o
HAL_RNG_GetState                                  build/stm32f4xx_hal_rng.o
HAL_RNG_IRQHandler                                build/stm32f4xx_hal_rng.o
HAL_RNG_Init                                      build/stm32f4xx_hal_rng.o
                                                  build/rng.o
HAL_RNG_MspDeInit                                 build/rng.o
HAL_RNG_MspInit                                   build/rng.o
HAL_RNG_ReadLastRandomNumber                      build/stm32f4xx_hal_rng.o
HAL_RNG_ReadyDataCallback                         build/stm32f4xx_hal_rng.o
HAL_ResumeTick                                    build/stm32f4xx_hal_timebase_tim.o
HAL_SYSTICK_CLKSourceConfig                       build/stm32f4xx_hal_cortex.o
HAL_SYSTICK_Callback                              build/stm32f4xx_hal_cortex.o
HAL_SYSTICK_Config                                build/stm32f4xx_hal_cortex.o
                                                  build/stm32f4xx_hal.o
HAL_SYSTICK_IRQHandler                            build/stm32f4xx_hal_cortex.o
HAL_SetTickFreq                                   build/stm32f4xx_hal.o
HAL_SuspendTick                                   build/stm32f4xx_hal_timebase_tim.o
HAL_TIMEx_BreakCallback                           build/stm32f4xx_hal_tim_ex.o
                                                  build/stm32f4xx_hal_tim.o
HAL_TIMEx_CommutCallback                          build/stm32f4xx_hal_tim_ex.o
                                                  build/stm32f4xx_hal_tim.o
HAL_TIMEx_CommutHalfCpltCallback                  build/stm32f4xx_hal_tim_ex.o
HAL_TIMEx_ConfigBreakDeadTime                     build/stm32f4xx_hal_tim_ex.o
HAL_TIMEx_ConfigCommutEvent                       build/stm32f4xx_hal_tim_ex.o
HAL_TIMEx_ConfigCommutEvent_DMA                   build/stm32f4xx_hal_tim_ex.o
HAL_TIMEx_ConfigCommutEvent_IT                    build/stm32f4xx_hal_tim_ex.o
HAL_TIMEx_GetChannelNState                        build/stm32f4xx_hal_tim_ex.o
HAL_TIMEx_HallSensor_DeInit                       build/stm32f4xx_hal_tim_ex.o
HAL_TIMEx_HallSensor_GetState                     build/stm32f4xx_hal_tim_ex.o
HAL_TIMEx_HallSensor_Init                         build/stm32f4xx_hal_tim_ex.o
HAL_TIMEx_HallSensor_MspDeInit                    build/stm32f4xx_hal_tim_ex.o
HAL_TIMEx_HallSensor_MspInit                      build/stm32f4xx_hal_tim_ex.o
HAL_TIMEx_HallSensor_Start                        build/stm32f4xx_hal_tim_ex.o
HAL_TIMEx_HallSensor_Start_DMA                    build/stm32f4xx_hal_tim_ex.o
HAL_TIMEx_HallSensor_Start_IT                     build/stm32f4xx_hal_tim_ex.o
HAL_TIMEx_HallSensor_Stop                         build/stm32f4xx_hal_tim_ex.o
HAL_TIMEx_HallSensor_Stop_DMA                     build/stm32f4xx_hal_tim_ex.o
HAL_TIMEx_HallSensor_Stop_IT                      build/stm32f4xx_hal_tim_ex.o
HAL_TIMEx_MasterConfigSynchronization             build/stm32f4xx_hal_tim_ex.o
                                                  build/tim.o
HAL_TIMEx_OCN_Start                               build/stm32f4xx_hal_tim_ex.o
HAL_TIMEx_OCN_Start_DMA                           build/stm32f4xx_hal_tim_ex.o
HAL_TIMEx_OCN_Start_IT                            build/stm32f4xx_hal_tim_ex.o
HAL_TIMEx_OCN_Stop                                build/stm32f4xx_hal_tim_ex.o
HAL_TIMEx_OCN_Stop_DMA                            build/stm32f4xx_hal_tim_ex.o
HAL_TIMEx_OCN_Stop_IT                             build/stm32f4xx_hal_tim_ex.o
HAL_TIMEx_OnePulseN_Start                         build/stm32f4xx_hal_tim_ex.o
HAL_TIMEx_OnePulseN_Start_IT                      build/stm32f4xx_hal_tim_ex.o
HAL_TIMEx_OnePulseN_Stop                          build/stm32f4xx_hal_tim_ex.o
HAL_TIMEx_OnePulseN_Stop_IT                       build/stm32f4xx_hal_tim_ex.o
HAL_TIMEx_PWMN_Start                              build/stm32f4xx_hal_tim_ex.o
HAL_TIMEx_PWMN_Start_DMA                          build/stm32f4xx_hal_tim_ex.o
HAL_TIMEx_PWMN_Start_IT                           build/stm32f4xx_hal_tim_ex.o
HAL_TIMEx_PWMN_Stop                               build/stm32f4xx_hal_tim_ex.o
HAL_TIMEx_PWMN_Stop_DMA                           build/stm32f4xx_hal_tim_ex.o
HAL_TIMEx_PWMN_Stop_IT                            build/stm32f4xx_hal_tim_ex.o
HAL_TIMEx_RemapConfig                             build/stm32f4xx_hal_tim_ex.o
HAL_TIM_Base_DeInit                               build/stm32f4xx_hal_tim.o
HAL_TIM_Base_GetState                             build/stm32f4xx_hal_tim.o
HAL_TIM_Base_Init                                 build/stm32f4xx_hal_tim.o
                                                  build/stm32f4xx_hal_timebase_tim.o
                                                  build/tim.o
HAL_TIM_Base_MspDeInit                            build/tim.o
HAL_TIM_Base_MspInit                              build/tim.o
HAL_TIM_Base_Start                                build/stm32f4xx_hal_tim.o
HAL_TIM_Base_Start_DMA                            build/stm32f4xx_hal_tim.o
HAL_TIM_Base_Start_IT                             build/stm32f4xx_hal_tim.o
                                                  build/stm32f4xx_hal_timebase_tim.o
HAL_TIM_Base_Stop                                 build/stm32f4xx_hal_tim.o
HAL_TIM_Base_Stop_DMA                             build/stm32f4xx_hal_tim.o
HAL_TIM_Base_Stop_IT                              build/stm32f4xx_hal_tim.o
HAL_TIM_ConfigClockSource                         build/stm32f4xx_hal_tim.o
HAL_TIM_ConfigOCrefClear                          build/stm32f4xx_hal_tim.o
HAL_TIM_ConfigTI1Input                            build/stm32f4xx_hal_tim.o
HAL_TIM_DMABurstState                             build/stm32f4xx_hal_tim.o
HAL_TIM_DMABurst_MultiReadStart                   build/stm32f4xx_hal_tim.o
HAL_TIM_DMABurst_MultiWriteStart                  build/stm32f4xx_hal_tim.o
HAL_TIM_DMABurst_ReadStart                        build/stm32f4xx_hal_tim.o
HAL_TIM_DMABurst_ReadStop                         build/stm32f4xx_hal_tim.o
HAL_TIM_DMABurst_WriteStart                       build/stm32f4xx_hal_tim.o
HAL_TIM_DMABurst_WriteStop                        build/stm32f4xx_hal_tim.o
HAL_TIM_Encoder_DeInit                            build/stm32f4xx_hal_tim.o
HAL_TIM_Encoder_GetState                          build/stm32f4xx_hal_tim.o
HAL_TIM_Encoder_Init                              build/stm32f4xx_hal_tim.o
HAL_TIM_Encoder_MspDeInit                         build/stm32f4xx_hal_tim.o
HAL_TIM_Encoder_MspInit                           build/stm32f4xx_hal_tim.o
HAL_TIM_Encoder_Start                             build/stm32f4xx_hal_tim.o
HAL_TIM_Encoder_Start_DMA                         build/stm32f4xx_hal_tim.o
HAL_TIM_Encoder_Start_IT                          build/stm32f4xx_hal_tim.o
HAL_TIM_Encoder_Stop                              build/stm32f4xx_hal_tim.o
HAL_TIM_Encoder_Stop_DMA                          build/stm32f4xx_hal_tim.o
HAL_TIM_Encoder_Stop_IT                           build/stm32f4xx_hal_tim.o
HAL_TIM_ErrorCallback                             build/stm32f4xx_hal_tim.o
                                                  build/stm32f4xx_hal_tim_ex.o
HAL_TIM_GenerateEvent                             build/stm32f4xx_hal_tim.o
HAL_TIM_GetActiveChannel                          build/stm32f4xx_hal_tim.o
HAL_TIM_GetChannelState                           build/stm32f4xx_hal_tim.o
HAL_TIM_IC_CaptureCallback                        build/stm32f4xx_hal_tim.o
HAL_TIM_IC_CaptureHalfCpltCallback                build/stm32f4xx_hal_tim.o
HAL_TIM_IC_ConfigChannel                          build/stm32f4xx_hal_tim.o
HAL_TIM_IC_DeInit                                 build/stm32f4xx_hal_tim.o
HAL_TIM_IC_GetState                               build/stm32f4xx_hal_tim.o
HAL_TIM_IC_Init                                   build/stm32f4xx_hal_tim.o
HAL_TIM_IC_MspDeInit                              build/stm32f4xx_hal_tim.o
HAL_TIM_IC_MspInit                                build/stm32f4xx_hal_tim.o
HAL_TIM_IC_Start                                  build/stm32f4xx_hal_tim.o
HAL_TIM_IC_Start_DMA                              build/stm32f4xx_hal_tim.o
HAL_TIM_IC_Start_IT                               build/stm32f4xx_hal_tim.o
HAL_TIM_IC_Stop                                   build/stm32f4xx_hal_tim.o
HAL_TIM_IC_Stop_DMA                               build/stm32f4xx_hal_tim.o
HAL_TIM_IC_Stop_IT                                build/stm32f4xx_hal_tim.o
HAL_TIM_IRQHandler                                build/stm32f4xx_hal_tim.o
                                                  build/stm32f4xx_it.o
HAL_TIM_OC_ConfigChannel                          build/stm32f4xx_hal_tim.o
HAL_TIM_OC_DeInit                                 build/stm32f4xx_hal_tim.o
HAL_TIM_OC_DelayElapsedCallback                   build/stm32f4xx_hal_tim.o
HAL_TIM_OC_GetState                               build/stm32f4xx_hal_tim.o
HAL_TIM_OC_Init                                   build/stm32f4xx_hal_tim.o
HAL_TIM_OC_MspDeInit                              build/stm32f4xx_hal_tim.o
HAL_TIM_OC_MspInit                                build/stm32f4xx_hal_tim.o
HAL_TIM_OC_Start                                  build/stm32f4xx_hal_tim.o
HAL_TIM_OC_Start_DMA                              build/stm32f4xx_hal_tim.o
HAL_TIM_OC_Start_IT                               build/stm32f4xx_hal_tim.o